

================================================================
== Vitis HLS Report for 'decision_function_65'
================================================================
* Date:           Thu Jan 23 13:47:34 2025

* Version:        2024.1 (Build 5069499 on May 21 2024)
* Project:        conifer_jettag
* Solution:       solution1 (Vivado IP Flow Target)
* Product family: zynq
* Target device:  xc7z020-clg400-1


================================================================
== Performance Estimates
================================================================
+ Timing: 
    * Summary: 
    +--------+---------+----------+------------+
    |  Clock |  Target | Estimated| Uncertainty|
    +--------+---------+----------+------------+
    |ap_clk  |  5.00 ns|  3.645 ns|     1.35 ns|
    +--------+---------+----------+------------+

+ Latency: 
    * Summary: 
    +---------+---------+-----------+-----------+-----+-----+---------+
    |  Latency (cycles) |   Latency (absolute)  |  Interval | Pipeline|
    |   min   |   max   |    min    |    max    | min | max |   Type  |
    +---------+---------+-----------+-----------+-----+-----+---------+
    |        7|        7|  35.000 ns|  35.000 ns|    1|    1|      yes|
    +---------+---------+-----------+-----------+-----+-----+---------+

    + Detail: 
        * Instance: 
        N/A

        * Loop: 
        N/A

============================================================
+ Verbose Summary: Synthesis Manager
============================================================
InlineROM: 1
ExposeGlobal: 0
============================================================
+ Verbose Summary: CDFG Model
============================================================
IsTopModel: 0
ResetActiveHigh: 1
IsCombinational: 0
IsDatapathOnly: 0
HasWiredReturn: 1
HasMFsm: 2
HasVarLatency: 0
IsPipeline: 1
IsRtlPipelined: 1
IsInstanceOverlapped: 0
IsDontTouch: 0
HasImplIP: 0
IsGatedGlobalClock: 0

+ Individual pipeline summary: 
  * Pipeline-0: initiation interval (II) = 1, depth = 8


============================================================
+ Verbose Summary: Schedule
============================================================
* Number of FSM states : 8
* Pipeline : 1
  Pipeline-0 : II = 1, D = 8, States = { 1 2 3 4 5 6 7 8 }
* Dataflow Pipeline: 0

* FSM state transitions: 
1 --> 2 
2 --> 3 
3 --> 4 
4 --> 5 
5 --> 6 
6 --> 7 
7 --> 8 
8 --> 

* FSM state operations: 

State 1 <SV = 0> <Delay = 3.11>
ST_1 : Operation 9 [1/1] (0.00ns)   --->   "%p_read = read i18 @_ssdm_op_Read.ap_auto.i18, i18 %p_read15" [firmware/BDT.h:86]   --->   Operation 9 'read' 'p_read' <Predicate = true> <Delay = 0.00>
ST_1 : Operation 10 [1/1] (0.00ns)   --->   "%p_read_290 = read i18 @_ssdm_op_Read.ap_auto.i18, i18 %p_read14" [firmware/BDT.h:86]   --->   Operation 10 'read' 'p_read_290' <Predicate = true> <Delay = 0.00>
ST_1 : Operation 11 [1/1] (0.00ns)   --->   "%p_read_291 = read i18 @_ssdm_op_Read.ap_auto.i18, i18 %p_read13" [firmware/BDT.h:86]   --->   Operation 11 'read' 'p_read_291' <Predicate = true> <Delay = 0.00>
ST_1 : Operation 12 [1/1] (0.00ns)   --->   "%p_read1217 = read i18 @_ssdm_op_Read.ap_auto.i18, i18 %p_read12" [firmware/BDT.h:86]   --->   Operation 12 'read' 'p_read1217' <Predicate = true> <Delay = 0.00>
ST_1 : Operation 13 [1/1] (0.00ns)   --->   "%p_read1116 = read i18 @_ssdm_op_Read.ap_auto.i18, i18 %p_read11" [firmware/BDT.h:86]   --->   Operation 13 'read' 'p_read1116' <Predicate = true> <Delay = 0.00>
ST_1 : Operation 14 [1/1] (0.00ns)   --->   "%p_read1015 = read i18 @_ssdm_op_Read.ap_auto.i18, i18 %p_read10" [firmware/BDT.h:86]   --->   Operation 14 'read' 'p_read1015' <Predicate = true> <Delay = 0.00>
ST_1 : Operation 15 [1/1] (0.00ns)   --->   "%p_read914 = read i18 @_ssdm_op_Read.ap_auto.i18, i18 %p_read9" [firmware/BDT.h:86]   --->   Operation 15 'read' 'p_read914' <Predicate = true> <Delay = 0.00>
ST_1 : Operation 16 [1/1] (0.00ns)   --->   "%p_read813 = read i18 @_ssdm_op_Read.ap_auto.i18, i18 %p_read8" [firmware/BDT.h:86]   --->   Operation 16 'read' 'p_read813' <Predicate = true> <Delay = 0.00>
ST_1 : Operation 17 [1/1] (0.00ns)   --->   "%p_read712 = read i18 @_ssdm_op_Read.ap_auto.i18, i18 %p_read7" [firmware/BDT.h:86]   --->   Operation 17 'read' 'p_read712' <Predicate = true> <Delay = 0.00>
ST_1 : Operation 18 [1/1] (0.00ns)   --->   "%p_read611 = read i18 @_ssdm_op_Read.ap_auto.i18, i18 %p_read6" [firmware/BDT.h:86]   --->   Operation 18 'read' 'p_read611' <Predicate = true> <Delay = 0.00>
ST_1 : Operation 19 [1/1] (0.00ns)   --->   "%p_read510 = read i18 @_ssdm_op_Read.ap_auto.i18, i18 %p_read5" [firmware/BDT.h:86]   --->   Operation 19 'read' 'p_read510' <Predicate = true> <Delay = 0.00>
ST_1 : Operation 20 [1/1] (0.00ns)   --->   "%p_read49 = read i18 @_ssdm_op_Read.ap_auto.i18, i18 %p_read4" [firmware/BDT.h:86]   --->   Operation 20 'read' 'p_read49' <Predicate = true> <Delay = 0.00>
ST_1 : Operation 21 [1/1] (0.00ns)   --->   "%p_read38 = read i18 @_ssdm_op_Read.ap_auto.i18, i18 %p_read3" [firmware/BDT.h:86]   --->   Operation 21 'read' 'p_read38' <Predicate = true> <Delay = 0.00>
ST_1 : Operation 22 [1/1] (0.00ns)   --->   "%p_read27 = read i18 @_ssdm_op_Read.ap_auto.i18, i18 %p_read2" [firmware/BDT.h:86]   --->   Operation 22 'read' 'p_read27' <Predicate = true> <Delay = 0.00>
ST_1 : Operation 23 [1/1] (0.00ns)   --->   "%p_read16 = read i18 @_ssdm_op_Read.ap_auto.i18, i18 %p_read1" [firmware/BDT.h:86]   --->   Operation 23 'read' 'p_read16' <Predicate = true> <Delay = 0.00>
ST_1 : Operation 24 [1/1] (2.13ns)   --->   "%icmp_ln86 = icmp_slt  i18 %p_read611, i18 56" [firmware/BDT.h:86]   --->   Operation 24 'icmp' 'icmp_ln86' <Predicate = true> <Delay = 2.13> <CoreInst = "Cmp">   --->   Core 9 'Cmp' <Latency = 0> <II = 1> <Delay = 2.13> <FuncUnit> <Opcode : 'seteq' 'setne' 'setle' 'setge' 'setlt' 'setgt'> <InPorts = 2> <OutPorts = 1>
ST_1 : Operation 25 [1/1] (2.13ns)   --->   "%icmp_ln86_975 = icmp_slt  i18 %p_read16, i18 212711" [firmware/BDT.h:86]   --->   Operation 25 'icmp' 'icmp_ln86_975' <Predicate = true> <Delay = 2.13> <CoreInst = "Cmp">   --->   Core 9 'Cmp' <Latency = 0> <II = 1> <Delay = 2.13> <FuncUnit> <Opcode : 'seteq' 'setne' 'setle' 'setge' 'setlt' 'setgt'> <InPorts = 2> <OutPorts = 1>
ST_1 : Operation 26 [1/1] (2.13ns)   --->   "%icmp_ln86_976 = icmp_slt  i18 %p_read510, i18 377" [firmware/BDT.h:86]   --->   Operation 26 'icmp' 'icmp_ln86_976' <Predicate = true> <Delay = 2.13> <CoreInst = "Cmp">   --->   Core 9 'Cmp' <Latency = 0> <II = 1> <Delay = 2.13> <FuncUnit> <Opcode : 'seteq' 'setne' 'setle' 'setge' 'setlt' 'setgt'> <InPorts = 2> <OutPorts = 1>
ST_1 : Operation 27 [1/1] (2.13ns)   --->   "%icmp_ln86_977 = icmp_slt  i18 %p_read_290, i18 53738" [firmware/BDT.h:86]   --->   Operation 27 'icmp' 'icmp_ln86_977' <Predicate = true> <Delay = 2.13> <CoreInst = "Cmp">   --->   Core 9 'Cmp' <Latency = 0> <II = 1> <Delay = 2.13> <FuncUnit> <Opcode : 'seteq' 'setne' 'setle' 'setge' 'setlt' 'setgt'> <InPorts = 2> <OutPorts = 1>
ST_1 : Operation 28 [1/1] (2.13ns)   --->   "%icmp_ln86_978 = icmp_slt  i18 %p_read712, i18 9" [firmware/BDT.h:86]   --->   Operation 28 'icmp' 'icmp_ln86_978' <Predicate = true> <Delay = 2.13> <CoreInst = "Cmp">   --->   Core 9 'Cmp' <Latency = 0> <II = 1> <Delay = 2.13> <FuncUnit> <Opcode : 'seteq' 'setne' 'setle' 'setge' 'setlt' 'setgt'> <InPorts = 2> <OutPorts = 1>
ST_1 : Operation 29 [1/1] (2.13ns)   --->   "%icmp_ln86_979 = icmp_slt  i18 %p_read712, i18 19" [firmware/BDT.h:86]   --->   Operation 29 'icmp' 'icmp_ln86_979' <Predicate = true> <Delay = 2.13> <CoreInst = "Cmp">   --->   Core 9 'Cmp' <Latency = 0> <II = 1> <Delay = 2.13> <FuncUnit> <Opcode : 'seteq' 'setne' 'setle' 'setge' 'setlt' 'setgt'> <InPorts = 2> <OutPorts = 1>
ST_1 : Operation 30 [1/1] (2.13ns)   --->   "%icmp_ln86_980 = icmp_slt  i18 %p_read16, i18 41212" [firmware/BDT.h:86]   --->   Operation 30 'icmp' 'icmp_ln86_980' <Predicate = true> <Delay = 2.13> <CoreInst = "Cmp">   --->   Core 9 'Cmp' <Latency = 0> <II = 1> <Delay = 2.13> <FuncUnit> <Opcode : 'seteq' 'setne' 'setle' 'setge' 'setlt' 'setgt'> <InPorts = 2> <OutPorts = 1>
ST_1 : Operation 31 [1/1] (2.13ns)   --->   "%icmp_ln86_981 = icmp_slt  i18 %p_read38, i18 29691" [firmware/BDT.h:86]   --->   Operation 31 'icmp' 'icmp_ln86_981' <Predicate = true> <Delay = 2.13> <CoreInst = "Cmp">   --->   Core 9 'Cmp' <Latency = 0> <II = 1> <Delay = 2.13> <FuncUnit> <Opcode : 'seteq' 'setne' 'setle' 'setge' 'setlt' 'setgt'> <InPorts = 2> <OutPorts = 1>
ST_1 : Operation 32 [1/1] (2.13ns)   --->   "%icmp_ln86_982 = icmp_slt  i18 %p_read813, i18 7" [firmware/BDT.h:86]   --->   Operation 32 'icmp' 'icmp_ln86_982' <Predicate = true> <Delay = 2.13> <CoreInst = "Cmp">   --->   Core 9 'Cmp' <Latency = 0> <II = 1> <Delay = 2.13> <FuncUnit> <Opcode : 'seteq' 'setne' 'setle' 'setge' 'setlt' 'setgt'> <InPorts = 2> <OutPorts = 1>
ST_1 : Operation 33 [1/1] (2.13ns)   --->   "%icmp_ln86_983 = icmp_slt  i18 %p_read16, i18 233514" [firmware/BDT.h:86]   --->   Operation 33 'icmp' 'icmp_ln86_983' <Predicate = true> <Delay = 2.13> <CoreInst = "Cmp">   --->   Core 9 'Cmp' <Latency = 0> <II = 1> <Delay = 2.13> <FuncUnit> <Opcode : 'seteq' 'setne' 'setle' 'setge' 'setlt' 'setgt'> <InPorts = 2> <OutPorts = 1>
ST_1 : Operation 34 [1/1] (2.13ns)   --->   "%icmp_ln86_984 = icmp_slt  i18 %p_read16, i18 244796" [firmware/BDT.h:86]   --->   Operation 34 'icmp' 'icmp_ln86_984' <Predicate = true> <Delay = 2.13> <CoreInst = "Cmp">   --->   Core 9 'Cmp' <Latency = 0> <II = 1> <Delay = 2.13> <FuncUnit> <Opcode : 'seteq' 'setne' 'setle' 'setge' 'setlt' 'setgt'> <InPorts = 2> <OutPorts = 1>
ST_1 : Operation 35 [1/1] (2.13ns)   --->   "%icmp_ln86_985 = icmp_slt  i18 %p_read, i18 74241" [firmware/BDT.h:86]   --->   Operation 35 'icmp' 'icmp_ln86_985' <Predicate = true> <Delay = 2.13> <CoreInst = "Cmp">   --->   Core 9 'Cmp' <Latency = 0> <II = 1> <Delay = 2.13> <FuncUnit> <Opcode : 'seteq' 'setne' 'setle' 'setge' 'setlt' 'setgt'> <InPorts = 2> <OutPorts = 1>
ST_1 : Operation 36 [1/1] (2.13ns)   --->   "%icmp_ln86_986 = icmp_slt  i18 %p_read_291, i18 200673" [firmware/BDT.h:86]   --->   Operation 36 'icmp' 'icmp_ln86_986' <Predicate = true> <Delay = 2.13> <CoreInst = "Cmp">   --->   Core 9 'Cmp' <Latency = 0> <II = 1> <Delay = 2.13> <FuncUnit> <Opcode : 'seteq' 'setne' 'setle' 'setge' 'setlt' 'setgt'> <InPorts = 2> <OutPorts = 1>
ST_1 : Operation 37 [1/1] (2.13ns)   --->   "%icmp_ln86_987 = icmp_slt  i18 %p_read38, i18 97993" [firmware/BDT.h:86]   --->   Operation 37 'icmp' 'icmp_ln86_987' <Predicate = true> <Delay = 2.13> <CoreInst = "Cmp">   --->   Core 9 'Cmp' <Latency = 0> <II = 1> <Delay = 2.13> <FuncUnit> <Opcode : 'seteq' 'setne' 'setle' 'setge' 'setlt' 'setgt'> <InPorts = 2> <OutPorts = 1>
ST_1 : Operation 38 [1/1] (2.13ns)   --->   "%icmp_ln86_988 = icmp_slt  i18 %p_read16, i18 112999" [firmware/BDT.h:86]   --->   Operation 38 'icmp' 'icmp_ln86_988' <Predicate = true> <Delay = 2.13> <CoreInst = "Cmp">   --->   Core 9 'Cmp' <Latency = 0> <II = 1> <Delay = 2.13> <FuncUnit> <Opcode : 'seteq' 'setne' 'setle' 'setge' 'setlt' 'setgt'> <InPorts = 2> <OutPorts = 1>
ST_1 : Operation 39 [1/1] (2.13ns)   --->   "%icmp_ln86_989 = icmp_slt  i18 %p_read611, i18 22" [firmware/BDT.h:86]   --->   Operation 39 'icmp' 'icmp_ln86_989' <Predicate = true> <Delay = 2.13> <CoreInst = "Cmp">   --->   Core 9 'Cmp' <Latency = 0> <II = 1> <Delay = 2.13> <FuncUnit> <Opcode : 'seteq' 'setne' 'setle' 'setge' 'setlt' 'setgt'> <InPorts = 2> <OutPorts = 1>
ST_1 : Operation 40 [1/1] (2.13ns)   --->   "%icmp_ln86_990 = icmp_slt  i18 %p_read1116, i18 39" [firmware/BDT.h:86]   --->   Operation 40 'icmp' 'icmp_ln86_990' <Predicate = true> <Delay = 2.13> <CoreInst = "Cmp">   --->   Core 9 'Cmp' <Latency = 0> <II = 1> <Delay = 2.13> <FuncUnit> <Opcode : 'seteq' 'setne' 'setle' 'setge' 'setlt' 'setgt'> <InPorts = 2> <OutPorts = 1>
ST_1 : Operation 41 [1/1] (2.13ns)   --->   "%icmp_ln86_991 = icmp_slt  i18 %p_read16, i18 178559" [firmware/BDT.h:86]   --->   Operation 41 'icmp' 'icmp_ln86_991' <Predicate = true> <Delay = 2.13> <CoreInst = "Cmp">   --->   Core 9 'Cmp' <Latency = 0> <II = 1> <Delay = 2.13> <FuncUnit> <Opcode : 'seteq' 'setne' 'setle' 'setge' 'setlt' 'setgt'> <InPorts = 2> <OutPorts = 1>
ST_1 : Operation 42 [1/1] (2.13ns)   --->   "%icmp_ln86_992 = icmp_slt  i18 %p_read1217, i18 271" [firmware/BDT.h:86]   --->   Operation 42 'icmp' 'icmp_ln86_992' <Predicate = true> <Delay = 2.13> <CoreInst = "Cmp">   --->   Core 9 'Cmp' <Latency = 0> <II = 1> <Delay = 2.13> <FuncUnit> <Opcode : 'seteq' 'setne' 'setle' 'setge' 'setlt' 'setgt'> <InPorts = 2> <OutPorts = 1>
ST_1 : Operation 43 [1/1] (2.13ns)   --->   "%icmp_ln86_993 = icmp_slt  i18 %p_read27, i18 83273" [firmware/BDT.h:86]   --->   Operation 43 'icmp' 'icmp_ln86_993' <Predicate = true> <Delay = 2.13> <CoreInst = "Cmp">   --->   Core 9 'Cmp' <Latency = 0> <II = 1> <Delay = 2.13> <FuncUnit> <Opcode : 'seteq' 'setne' 'setle' 'setge' 'setlt' 'setgt'> <InPorts = 2> <OutPorts = 1>
ST_1 : Operation 44 [1/1] (0.00ns)   --->   "%tmp = partselect i17 @_ssdm_op_PartSelect.i17.i18.i32.i32, i18 %p_read914, i32 1, i32 17" [firmware/BDT.h:86]   --->   Operation 44 'partselect' 'tmp' <Predicate = true> <Delay = 0.00>
ST_1 : Operation 45 [1/1] (2.10ns)   --->   "%icmp_ln86_994 = icmp_slt  i17 %tmp, i17 1" [firmware/BDT.h:86]   --->   Operation 45 'icmp' 'icmp_ln86_994' <Predicate = true> <Delay = 2.10> <CoreInst = "Cmp">   --->   Core 9 'Cmp' <Latency = 0> <II = 1> <Delay = 2.10> <FuncUnit> <Opcode : 'seteq' 'setne' 'setle' 'setge' 'setlt' 'setgt'> <InPorts = 2> <OutPorts = 1>
ST_1 : Operation 46 [1/1] (2.13ns)   --->   "%icmp_ln86_995 = icmp_slt  i18 %p_read611, i18 46" [firmware/BDT.h:86]   --->   Operation 46 'icmp' 'icmp_ln86_995' <Predicate = true> <Delay = 2.13> <CoreInst = "Cmp">   --->   Core 9 'Cmp' <Latency = 0> <II = 1> <Delay = 2.13> <FuncUnit> <Opcode : 'seteq' 'setne' 'setle' 'setge' 'setlt' 'setgt'> <InPorts = 2> <OutPorts = 1>
ST_1 : Operation 47 [1/1] (2.13ns)   --->   "%icmp_ln86_996 = icmp_slt  i18 %p_read1015, i18 1147" [firmware/BDT.h:86]   --->   Operation 47 'icmp' 'icmp_ln86_996' <Predicate = true> <Delay = 2.13> <CoreInst = "Cmp">   --->   Core 9 'Cmp' <Latency = 0> <II = 1> <Delay = 2.13> <FuncUnit> <Opcode : 'seteq' 'setne' 'setle' 'setge' 'setlt' 'setgt'> <InPorts = 2> <OutPorts = 1>
ST_1 : Operation 48 [1/1] (2.13ns)   --->   "%icmp_ln86_997 = icmp_slt  i18 %p_read16, i18 226013" [firmware/BDT.h:86]   --->   Operation 48 'icmp' 'icmp_ln86_997' <Predicate = true> <Delay = 2.13> <CoreInst = "Cmp">   --->   Core 9 'Cmp' <Latency = 0> <II = 1> <Delay = 2.13> <FuncUnit> <Opcode : 'seteq' 'setne' 'setle' 'setge' 'setlt' 'setgt'> <InPorts = 2> <OutPorts = 1>
ST_1 : Operation 49 [1/1] (2.13ns)   --->   "%icmp_ln86_998 = icmp_slt  i18 %p_read16, i18 237617" [firmware/BDT.h:86]   --->   Operation 49 'icmp' 'icmp_ln86_998' <Predicate = true> <Delay = 2.13> <CoreInst = "Cmp">   --->   Core 9 'Cmp' <Latency = 0> <II = 1> <Delay = 2.13> <FuncUnit> <Opcode : 'seteq' 'setne' 'setle' 'setge' 'setlt' 'setgt'> <InPorts = 2> <OutPorts = 1>
ST_1 : Operation 50 [1/1] (2.13ns)   --->   "%icmp_ln86_999 = icmp_slt  i18 %p_read712, i18 24" [firmware/BDT.h:86]   --->   Operation 50 'icmp' 'icmp_ln86_999' <Predicate = true> <Delay = 2.13> <CoreInst = "Cmp">   --->   Core 9 'Cmp' <Latency = 0> <II = 1> <Delay = 2.13> <FuncUnit> <Opcode : 'seteq' 'setne' 'setle' 'setge' 'setlt' 'setgt'> <InPorts = 2> <OutPorts = 1>
ST_1 : Operation 51 [1/1] (2.13ns)   --->   "%icmp_ln86_1000 = icmp_slt  i18 %p_read16, i18 101155" [firmware/BDT.h:86]   --->   Operation 51 'icmp' 'icmp_ln86_1000' <Predicate = true> <Delay = 2.13> <CoreInst = "Cmp">   --->   Core 9 'Cmp' <Latency = 0> <II = 1> <Delay = 2.13> <FuncUnit> <Opcode : 'seteq' 'setne' 'setle' 'setge' 'setlt' 'setgt'> <InPorts = 2> <OutPorts = 1>
ST_1 : Operation 52 [1/1] (2.13ns)   --->   "%icmp_ln86_1001 = icmp_slt  i18 %p_read, i18 81409" [firmware/BDT.h:86]   --->   Operation 52 'icmp' 'icmp_ln86_1001' <Predicate = true> <Delay = 2.13> <CoreInst = "Cmp">   --->   Core 9 'Cmp' <Latency = 0> <II = 1> <Delay = 2.13> <FuncUnit> <Opcode : 'seteq' 'setne' 'setle' 'setge' 'setlt' 'setgt'> <InPorts = 2> <OutPorts = 1>
ST_1 : Operation 53 [1/1] (2.13ns)   --->   "%icmp_ln86_1002 = icmp_slt  i18 %p_read, i18 101889" [firmware/BDT.h:86]   --->   Operation 53 'icmp' 'icmp_ln86_1002' <Predicate = true> <Delay = 2.13> <CoreInst = "Cmp">   --->   Core 9 'Cmp' <Latency = 0> <II = 1> <Delay = 2.13> <FuncUnit> <Opcode : 'seteq' 'setne' 'setle' 'setge' 'setlt' 'setgt'> <InPorts = 2> <OutPorts = 1>
ST_1 : Operation 54 [1/1] (2.13ns)   --->   "%icmp_ln86_1003 = icmp_slt  i18 %p_read49, i18 678" [firmware/BDT.h:86]   --->   Operation 54 'icmp' 'icmp_ln86_1003' <Predicate = true> <Delay = 2.13> <CoreInst = "Cmp">   --->   Core 9 'Cmp' <Latency = 0> <II = 1> <Delay = 2.13> <FuncUnit> <Opcode : 'seteq' 'setne' 'setle' 'setge' 'setlt' 'setgt'> <InPorts = 2> <OutPorts = 1>
ST_1 : Operation 55 [1/1] (2.13ns)   --->   "%icmp_ln86_1004 = icmp_slt  i18 %p_read, i18 86529" [firmware/BDT.h:86]   --->   Operation 55 'icmp' 'icmp_ln86_1004' <Predicate = true> <Delay = 2.13> <CoreInst = "Cmp">   --->   Core 9 'Cmp' <Latency = 0> <II = 1> <Delay = 2.13> <FuncUnit> <Opcode : 'seteq' 'setne' 'setle' 'setge' 'setlt' 'setgt'> <InPorts = 2> <OutPorts = 1>
ST_1 : Operation 56 [1/1] (0.97ns)   --->   "%and_ln102 = and i1 %icmp_ln86_975, i1 %icmp_ln86" [firmware/BDT.h:102]   --->   Operation 56 'and' 'and_ln102' <Predicate = true> <Delay = 0.97> <CoreInst = "LogicGate">   --->   Core 74 'LogicGate' <Latency = 0> <II = 1> <Delay = 0.97> <FuncUnit> <Opcode : 'and' 'or' 'xor'> <InPorts = 2> <OutPorts = 1>

State 2 <SV = 1> <Delay = 2.93>
ST_2 : Operation 57 [1/1] (0.00ns) (grouped into LUT with out node and_ln104)   --->   "%xor_ln104_462 = xor i1 %icmp_ln86_975, i1 1" [firmware/BDT.h:104]   --->   Operation 57 'xor' 'xor_ln104_462' <Predicate = (icmp_ln86)> <Delay = 0.00> <CoreInst = "LogicGate">   --->   Core 74 'LogicGate' <Latency = 0> <II = 1> <Delay = 0.97> <FuncUnit> <Opcode : 'and' 'or' 'xor'> <InPorts = 2> <OutPorts = 1>
ST_2 : Operation 58 [1/1] (0.97ns) (out node of the LUT)   --->   "%and_ln104 = and i1 %icmp_ln86, i1 %xor_ln104_462" [firmware/BDT.h:104]   --->   Operation 58 'and' 'and_ln104' <Predicate = (icmp_ln86)> <Delay = 0.97> <CoreInst = "LogicGate">   --->   Core 74 'LogicGate' <Latency = 0> <II = 1> <Delay = 0.97> <FuncUnit> <Opcode : 'and' 'or' 'xor'> <InPorts = 2> <OutPorts = 1>
ST_2 : Operation 59 [1/1] (0.97ns)   --->   "%and_ln102_1196 = and i1 %icmp_ln86_977, i1 %and_ln102" [firmware/BDT.h:102]   --->   Operation 59 'and' 'and_ln102_1196' <Predicate = (and_ln102 & icmp_ln86)> <Delay = 0.97> <CoreInst = "LogicGate">   --->   Core 74 'LogicGate' <Latency = 0> <II = 1> <Delay = 0.97> <FuncUnit> <Opcode : 'and' 'or' 'xor'> <InPorts = 2> <OutPorts = 1>
ST_2 : Operation 60 [1/1] (0.00ns) (grouped into LUT with out node and_ln104_177)   --->   "%xor_ln104_464 = xor i1 %icmp_ln86_977, i1 1" [firmware/BDT.h:104]   --->   Operation 60 'xor' 'xor_ln104_464' <Predicate = (and_ln102 & icmp_ln86)> <Delay = 0.00> <CoreInst = "LogicGate">   --->   Core 74 'LogicGate' <Latency = 0> <II = 1> <Delay = 0.97> <FuncUnit> <Opcode : 'and' 'or' 'xor'> <InPorts = 2> <OutPorts = 1>
ST_2 : Operation 61 [1/1] (0.97ns) (out node of the LUT)   --->   "%and_ln104_177 = and i1 %and_ln102, i1 %xor_ln104_464" [firmware/BDT.h:104]   --->   Operation 61 'and' 'and_ln104_177' <Predicate = (and_ln102 & icmp_ln86)> <Delay = 0.97> <CoreInst = "LogicGate">   --->   Core 74 'LogicGate' <Latency = 0> <II = 1> <Delay = 0.97> <FuncUnit> <Opcode : 'and' 'or' 'xor'> <InPorts = 2> <OutPorts = 1>
ST_2 : Operation 62 [1/1] (0.97ns)   --->   "%and_ln102_1200 = and i1 %icmp_ln86_981, i1 %and_ln102_1196" [firmware/BDT.h:102]   --->   Operation 62 'and' 'and_ln102_1200' <Predicate = (and_ln102 & icmp_ln86)> <Delay = 0.97> <CoreInst = "LogicGate">   --->   Core 74 'LogicGate' <Latency = 0> <II = 1> <Delay = 0.97> <FuncUnit> <Opcode : 'and' 'or' 'xor'> <InPorts = 2> <OutPorts = 1>
ST_2 : Operation 63 [1/1] (0.00ns) (grouped into LUT with out node or_ln117)   --->   "%xor_ln104_468 = xor i1 %icmp_ln86_981, i1 1" [firmware/BDT.h:104]   --->   Operation 63 'xor' 'xor_ln104_468' <Predicate = (and_ln102 & icmp_ln86)> <Delay = 0.00> <CoreInst = "LogicGate">   --->   Core 74 'LogicGate' <Latency = 0> <II = 1> <Delay = 0.97> <FuncUnit> <Opcode : 'and' 'or' 'xor'> <InPorts = 2> <OutPorts = 1>
ST_2 : Operation 64 [1/1] (0.97ns)   --->   "%and_ln102_1201 = and i1 %icmp_ln86_982, i1 %and_ln104_177" [firmware/BDT.h:102]   --->   Operation 64 'and' 'and_ln102_1201' <Predicate = (and_ln102 & icmp_ln86)> <Delay = 0.97> <CoreInst = "LogicGate">   --->   Core 74 'LogicGate' <Latency = 0> <II = 1> <Delay = 0.97> <FuncUnit> <Opcode : 'and' 'or' 'xor'> <InPorts = 2> <OutPorts = 1>
ST_2 : Operation 65 [1/1] (0.00ns) (grouped into LUT with out node or_ln117)   --->   "%and_ln102_1209 = and i1 %icmp_ln86_990, i1 %xor_ln104_468" [firmware/BDT.h:102]   --->   Operation 65 'and' 'and_ln102_1209' <Predicate = (and_ln102 & icmp_ln86)> <Delay = 0.00> <CoreInst = "LogicGate">   --->   Core 74 'LogicGate' <Latency = 0> <II = 1> <Delay = 0.97> <FuncUnit> <Opcode : 'and' 'or' 'xor'> <InPorts = 2> <OutPorts = 1>
ST_2 : Operation 66 [1/1] (0.00ns) (grouped into LUT with out node or_ln117)   --->   "%and_ln102_1210 = and i1 %and_ln102_1209, i1 %and_ln102_1196" [firmware/BDT.h:102]   --->   Operation 66 'and' 'and_ln102_1210' <Predicate = (and_ln102 & icmp_ln86)> <Delay = 0.00> <CoreInst = "LogicGate">   --->   Core 74 'LogicGate' <Latency = 0> <II = 1> <Delay = 0.97> <FuncUnit> <Opcode : 'and' 'or' 'xor'> <InPorts = 2> <OutPorts = 1>
ST_2 : Operation 67 [1/1] (0.97ns) (out node of the LUT)   --->   "%or_ln117 = or i1 %and_ln102_1200, i1 %and_ln102_1210" [firmware/BDT.h:117]   --->   Operation 67 'or' 'or_ln117' <Predicate = (and_ln102 & icmp_ln86)> <Delay = 0.97> <CoreInst = "LogicGate">   --->   Core 74 'LogicGate' <Latency = 0> <II = 1> <Delay = 0.97> <FuncUnit> <Opcode : 'and' 'or' 'xor'> <InPorts = 2> <OutPorts = 1>

State 3 <SV = 2> <Delay = 2.99>
ST_3 : Operation 68 [1/1] (0.97ns)   --->   "%xor_ln104 = xor i1 %icmp_ln86, i1 1" [firmware/BDT.h:104]   --->   Operation 68 'xor' 'xor_ln104' <Predicate = true> <Delay = 0.97> <CoreInst = "LogicGate">   --->   Core 74 'LogicGate' <Latency = 0> <II = 1> <Delay = 0.97> <FuncUnit> <Opcode : 'and' 'or' 'xor'> <InPorts = 2> <OutPorts = 1>
ST_3 : Operation 69 [1/1] (0.97ns)   --->   "%and_ln102_1197 = and i1 %icmp_ln86_978, i1 %and_ln104" [firmware/BDT.h:102]   --->   Operation 69 'and' 'and_ln102_1197' <Predicate = (icmp_ln86)> <Delay = 0.97> <CoreInst = "LogicGate">   --->   Core 74 'LogicGate' <Latency = 0> <II = 1> <Delay = 0.97> <FuncUnit> <Opcode : 'and' 'or' 'xor'> <InPorts = 2> <OutPorts = 1>
ST_3 : Operation 70 [1/1] (0.00ns) (grouped into LUT with out node and_ln104_178)   --->   "%xor_ln104_465 = xor i1 %icmp_ln86_978, i1 1" [firmware/BDT.h:104]   --->   Operation 70 'xor' 'xor_ln104_465' <Predicate = (icmp_ln86)> <Delay = 0.00> <CoreInst = "LogicGate">   --->   Core 74 'LogicGate' <Latency = 0> <II = 1> <Delay = 0.97> <FuncUnit> <Opcode : 'and' 'or' 'xor'> <InPorts = 2> <OutPorts = 1>
ST_3 : Operation 71 [1/1] (0.97ns) (out node of the LUT)   --->   "%and_ln104_178 = and i1 %and_ln104, i1 %xor_ln104_465" [firmware/BDT.h:104]   --->   Operation 71 'and' 'and_ln104_178' <Predicate = (icmp_ln86)> <Delay = 0.97> <CoreInst = "LogicGate">   --->   Core 74 'LogicGate' <Latency = 0> <II = 1> <Delay = 0.97> <FuncUnit> <Opcode : 'and' 'or' 'xor'> <InPorts = 2> <OutPorts = 1>
ST_3 : Operation 72 [1/1] (0.00ns) (grouped into LUT with out node select_ln117_950)   --->   "%xor_ln104_469 = xor i1 %icmp_ln86_982, i1 1" [firmware/BDT.h:104]   --->   Operation 72 'xor' 'xor_ln104_469' <Predicate = (and_ln102 & icmp_ln86)> <Delay = 0.00> <CoreInst = "LogicGate">   --->   Core 74 'LogicGate' <Latency = 0> <II = 1> <Delay = 0.97> <FuncUnit> <Opcode : 'and' 'or' 'xor'> <InPorts = 2> <OutPorts = 1>
ST_3 : Operation 73 [1/1] (0.97ns)   --->   "%and_ln102_1202 = and i1 %icmp_ln86_983, i1 %and_ln102_1197" [firmware/BDT.h:102]   --->   Operation 73 'and' 'and_ln102_1202' <Predicate = (icmp_ln86)> <Delay = 0.97> <CoreInst = "LogicGate">   --->   Core 74 'LogicGate' <Latency = 0> <II = 1> <Delay = 0.97> <FuncUnit> <Opcode : 'and' 'or' 'xor'> <InPorts = 2> <OutPorts = 1>
ST_3 : Operation 74 [1/1] (0.00ns) (grouped into LUT with out node select_ln117_946)   --->   "%and_ln102_1208 = and i1 %icmp_ln86_989, i1 %and_ln102_1200" [firmware/BDT.h:102]   --->   Operation 74 'and' 'and_ln102_1208' <Predicate = (and_ln102_1200 & and_ln102_1196 & and_ln102 & icmp_ln86 & or_ln117)> <Delay = 0.00> <CoreInst = "LogicGate">   --->   Core 74 'LogicGate' <Latency = 0> <II = 1> <Delay = 0.97> <FuncUnit> <Opcode : 'and' 'or' 'xor'> <InPorts = 2> <OutPorts = 1>
ST_3 : Operation 75 [1/1] (0.00ns) (grouped into LUT with out node select_ln117_948)   --->   "%and_ln102_1211 = and i1 %icmp_ln86_991, i1 %and_ln102_1201" [firmware/BDT.h:102]   --->   Operation 75 'and' 'and_ln102_1211' <Predicate = (and_ln102 & icmp_ln86)> <Delay = 0.00> <CoreInst = "LogicGate">   --->   Core 74 'LogicGate' <Latency = 0> <II = 1> <Delay = 0.97> <FuncUnit> <Opcode : 'and' 'or' 'xor'> <InPorts = 2> <OutPorts = 1>
ST_3 : Operation 76 [1/1] (0.00ns) (grouped into LUT with out node select_ln117_950)   --->   "%and_ln102_1212 = and i1 %icmp_ln86_992, i1 %xor_ln104_469" [firmware/BDT.h:102]   --->   Operation 76 'and' 'and_ln102_1212' <Predicate = (and_ln102 & icmp_ln86)> <Delay = 0.00> <CoreInst = "LogicGate">   --->   Core 74 'LogicGate' <Latency = 0> <II = 1> <Delay = 0.97> <FuncUnit> <Opcode : 'and' 'or' 'xor'> <InPorts = 2> <OutPorts = 1>
ST_3 : Operation 77 [1/1] (0.00ns) (grouped into LUT with out node select_ln117_950)   --->   "%and_ln102_1213 = and i1 %and_ln102_1212, i1 %and_ln104_177" [firmware/BDT.h:102]   --->   Operation 77 'and' 'and_ln102_1213' <Predicate = (and_ln102 & icmp_ln86)> <Delay = 0.00> <CoreInst = "LogicGate">   --->   Core 74 'LogicGate' <Latency = 0> <II = 1> <Delay = 0.97> <FuncUnit> <Opcode : 'and' 'or' 'xor'> <InPorts = 2> <OutPorts = 1>
ST_3 : Operation 78 [1/1] (0.00ns) (grouped into LUT with out node select_ln117_946)   --->   "%xor_ln117 = xor i1 %and_ln102_1208, i1 1" [firmware/BDT.h:117]   --->   Operation 78 'xor' 'xor_ln117' <Predicate = (and_ln102_1200 & and_ln102_1196 & and_ln102 & icmp_ln86 & or_ln117)> <Delay = 0.00> <CoreInst = "LogicGate">   --->   Core 74 'LogicGate' <Latency = 0> <II = 1> <Delay = 0.97> <FuncUnit> <Opcode : 'and' 'or' 'xor'> <InPorts = 2> <OutPorts = 1>
ST_3 : Operation 79 [1/1] (0.00ns) (grouped into LUT with out node select_ln117_946)   --->   "%zext_ln117 = zext i1 %xor_ln117" [firmware/BDT.h:117]   --->   Operation 79 'zext' 'zext_ln117' <Predicate = (and_ln102_1200 & and_ln102_1196 & and_ln102 & icmp_ln86 & or_ln117)> <Delay = 0.00>
ST_3 : Operation 80 [1/1] (0.00ns) (grouped into LUT with out node select_ln117_946)   --->   "%select_ln117 = select i1 %and_ln102_1200, i2 %zext_ln117, i2 2" [firmware/BDT.h:117]   --->   Operation 80 'select' 'select_ln117' <Predicate = (and_ln102_1196 & and_ln102 & icmp_ln86 & or_ln117)> <Delay = 0.00> <CoreInst = "Sel">   --->   Core 73 'Sel' <Latency = 0> <II = 1> <Delay = 0.99> <FuncUnit> <Opcode : 'select'> <InPorts = 3> <OutPorts = 1>
ST_3 : Operation 81 [1/1] (0.00ns) (grouped into LUT with out node select_ln117_946)   --->   "%select_ln117_945 = select i1 %or_ln117, i2 %select_ln117, i2 3" [firmware/BDT.h:117]   --->   Operation 81 'select' 'select_ln117_945' <Predicate = (and_ln102_1196 & and_ln102 & icmp_ln86)> <Delay = 0.00> <CoreInst = "Sel">   --->   Core 73 'Sel' <Latency = 0> <II = 1> <Delay = 0.99> <FuncUnit> <Opcode : 'select'> <InPorts = 3> <OutPorts = 1>
ST_3 : Operation 82 [1/1] (0.00ns) (grouped into LUT with out node select_ln117_946)   --->   "%zext_ln117_103 = zext i2 %select_ln117_945" [firmware/BDT.h:117]   --->   Operation 82 'zext' 'zext_ln117_103' <Predicate = (and_ln102_1196 & and_ln102 & icmp_ln86)> <Delay = 0.00>
ST_3 : Operation 83 [1/1] (0.00ns) (grouped into LUT with out node select_ln117_948)   --->   "%or_ln117_862 = or i1 %and_ln102_1196, i1 %and_ln102_1211" [firmware/BDT.h:117]   --->   Operation 83 'or' 'or_ln117_862' <Predicate = (and_ln102 & icmp_ln86)> <Delay = 0.00> <CoreInst = "LogicGate">   --->   Core 74 'LogicGate' <Latency = 0> <II = 1> <Delay = 0.97> <FuncUnit> <Opcode : 'and' 'or' 'xor'> <InPorts = 2> <OutPorts = 1>
ST_3 : Operation 84 [1/1] (0.99ns) (out node of the LUT)   --->   "%select_ln117_946 = select i1 %and_ln102_1196, i3 %zext_ln117_103, i3 4" [firmware/BDT.h:117]   --->   Operation 84 'select' 'select_ln117_946' <Predicate = (and_ln102 & icmp_ln86)> <Delay = 0.99> <CoreInst = "Sel">   --->   Core 73 'Sel' <Latency = 0> <II = 1> <Delay = 0.98> <FuncUnit> <Opcode : 'select'> <InPorts = 3> <OutPorts = 1>
ST_3 : Operation 85 [1/1] (0.97ns)   --->   "%or_ln117_863 = or i1 %and_ln102_1196, i1 %and_ln102_1201" [firmware/BDT.h:117]   --->   Operation 85 'or' 'or_ln117_863' <Predicate = (and_ln102 & icmp_ln86)> <Delay = 0.97> <CoreInst = "LogicGate">   --->   Core 74 'LogicGate' <Latency = 0> <II = 1> <Delay = 0.97> <FuncUnit> <Opcode : 'and' 'or' 'xor'> <InPorts = 2> <OutPorts = 1>
ST_3 : Operation 86 [1/1] (0.00ns) (grouped into LUT with out node select_ln117_948)   --->   "%select_ln117_947 = select i1 %or_ln117_862, i3 %select_ln117_946, i3 5" [firmware/BDT.h:117]   --->   Operation 86 'select' 'select_ln117_947' <Predicate = (and_ln102 & icmp_ln86)> <Delay = 0.00> <CoreInst = "Sel">   --->   Core 73 'Sel' <Latency = 0> <II = 1> <Delay = 0.98> <FuncUnit> <Opcode : 'select'> <InPorts = 3> <OutPorts = 1>
ST_3 : Operation 87 [1/1] (0.00ns) (grouped into LUT with out node select_ln117_950)   --->   "%or_ln117_864 = or i1 %or_ln117_863, i1 %and_ln102_1213" [firmware/BDT.h:117]   --->   Operation 87 'or' 'or_ln117_864' <Predicate = (and_ln102 & icmp_ln86)> <Delay = 0.00> <CoreInst = "LogicGate">   --->   Core 74 'LogicGate' <Latency = 0> <II = 1> <Delay = 0.97> <FuncUnit> <Opcode : 'and' 'or' 'xor'> <InPorts = 2> <OutPorts = 1>
ST_3 : Operation 88 [1/1] (0.98ns) (out node of the LUT)   --->   "%select_ln117_948 = select i1 %or_ln117_863, i3 %select_ln117_947, i3 6" [firmware/BDT.h:117]   --->   Operation 88 'select' 'select_ln117_948' <Predicate = (and_ln102 & icmp_ln86)> <Delay = 0.98> <CoreInst = "Sel">   --->   Core 73 'Sel' <Latency = 0> <II = 1> <Delay = 0.98> <FuncUnit> <Opcode : 'select'> <InPorts = 3> <OutPorts = 1>
ST_3 : Operation 89 [1/1] (0.00ns) (grouped into LUT with out node select_ln117_950)   --->   "%select_ln117_949 = select i1 %or_ln117_864, i3 %select_ln117_948, i3 7" [firmware/BDT.h:117]   --->   Operation 89 'select' 'select_ln117_949' <Predicate = (and_ln102 & icmp_ln86)> <Delay = 0.00> <CoreInst = "Sel">   --->   Core 73 'Sel' <Latency = 0> <II = 1> <Delay = 0.98> <FuncUnit> <Opcode : 'select'> <InPorts = 3> <OutPorts = 1>
ST_3 : Operation 90 [1/1] (0.00ns) (grouped into LUT with out node select_ln117_950)   --->   "%zext_ln117_104 = zext i3 %select_ln117_949" [firmware/BDT.h:117]   --->   Operation 90 'zext' 'zext_ln117_104' <Predicate = (and_ln102 & icmp_ln86)> <Delay = 0.00>
ST_3 : Operation 91 [1/1] (1.02ns) (out node of the LUT)   --->   "%select_ln117_950 = select i1 %and_ln102, i4 %zext_ln117_104, i4 8" [firmware/BDT.h:117]   --->   Operation 91 'select' 'select_ln117_950' <Predicate = (icmp_ln86)> <Delay = 1.02> <CoreInst = "Sel">   --->   Core 73 'Sel' <Latency = 0> <II = 1> <Delay = 1.02> <FuncUnit> <Opcode : 'select'> <InPorts = 3> <OutPorts = 1>
ST_3 : Operation 92 [1/1] (0.97ns)   --->   "%or_ln117_866 = or i1 %and_ln102, i1 %and_ln102_1202" [firmware/BDT.h:117]   --->   Operation 92 'or' 'or_ln117_866' <Predicate = (icmp_ln86)> <Delay = 0.97> <CoreInst = "LogicGate">   --->   Core 74 'LogicGate' <Latency = 0> <II = 1> <Delay = 0.97> <FuncUnit> <Opcode : 'and' 'or' 'xor'> <InPorts = 2> <OutPorts = 1>

State 4 <SV = 3> <Delay = 3.07>
ST_4 : Operation 93 [1/1] (0.97ns)   --->   "%and_ln102_1195 = and i1 %icmp_ln86_976, i1 %xor_ln104" [firmware/BDT.h:102]   --->   Operation 93 'and' 'and_ln102_1195' <Predicate = true> <Delay = 0.97> <CoreInst = "LogicGate">   --->   Core 74 'LogicGate' <Latency = 0> <II = 1> <Delay = 0.97> <FuncUnit> <Opcode : 'and' 'or' 'xor'> <InPorts = 2> <OutPorts = 1>
ST_4 : Operation 94 [1/1] (0.00ns) (grouped into LUT with out node and_ln104_176)   --->   "%xor_ln104_463 = xor i1 %icmp_ln86_976, i1 1" [firmware/BDT.h:104]   --->   Operation 94 'xor' 'xor_ln104_463' <Predicate = true> <Delay = 0.00> <CoreInst = "LogicGate">   --->   Core 74 'LogicGate' <Latency = 0> <II = 1> <Delay = 0.97> <FuncUnit> <Opcode : 'and' 'or' 'xor'> <InPorts = 2> <OutPorts = 1>
ST_4 : Operation 95 [1/1] (0.97ns) (out node of the LUT)   --->   "%and_ln104_176 = and i1 %xor_ln104_463, i1 %xor_ln104" [firmware/BDT.h:104]   --->   Operation 95 'and' 'and_ln104_176' <Predicate = true> <Delay = 0.97> <CoreInst = "LogicGate">   --->   Core 74 'LogicGate' <Latency = 0> <II = 1> <Delay = 0.97> <FuncUnit> <Opcode : 'and' 'or' 'xor'> <InPorts = 2> <OutPorts = 1>
ST_4 : Operation 96 [1/1] (0.97ns)   --->   "%and_ln102_1198 = and i1 %icmp_ln86_979, i1 %and_ln102_1195" [firmware/BDT.h:102]   --->   Operation 96 'and' 'and_ln102_1198' <Predicate = true> <Delay = 0.97> <CoreInst = "LogicGate">   --->   Core 74 'LogicGate' <Latency = 0> <II = 1> <Delay = 0.97> <FuncUnit> <Opcode : 'and' 'or' 'xor'> <InPorts = 2> <OutPorts = 1>
ST_4 : Operation 97 [1/1] (0.00ns) (grouped into LUT with out node select_ln117_954)   --->   "%xor_ln104_470 = xor i1 %icmp_ln86_983, i1 1" [firmware/BDT.h:104]   --->   Operation 97 'xor' 'xor_ln104_470' <Predicate = (icmp_ln86)> <Delay = 0.00> <CoreInst = "LogicGate">   --->   Core 74 'LogicGate' <Latency = 0> <II = 1> <Delay = 0.97> <FuncUnit> <Opcode : 'and' 'or' 'xor'> <InPorts = 2> <OutPorts = 1>
ST_4 : Operation 98 [1/1] (0.97ns)   --->   "%and_ln102_1203 = and i1 %icmp_ln86_984, i1 %and_ln104_178" [firmware/BDT.h:102]   --->   Operation 98 'and' 'and_ln102_1203' <Predicate = (icmp_ln86)> <Delay = 0.97> <CoreInst = "LogicGate">   --->   Core 74 'LogicGate' <Latency = 0> <II = 1> <Delay = 0.97> <FuncUnit> <Opcode : 'and' 'or' 'xor'> <InPorts = 2> <OutPorts = 1>
ST_4 : Operation 99 [1/1] (0.97ns)   --->   "%and_ln102_1204 = and i1 %icmp_ln86_985, i1 %and_ln102_1198" [firmware/BDT.h:102]   --->   Operation 99 'and' 'and_ln102_1204' <Predicate = true> <Delay = 0.97> <CoreInst = "LogicGate">   --->   Core 74 'LogicGate' <Latency = 0> <II = 1> <Delay = 0.97> <FuncUnit> <Opcode : 'and' 'or' 'xor'> <InPorts = 2> <OutPorts = 1>
ST_4 : Operation 100 [1/1] (0.00ns) (grouped into LUT with out node select_ln117_952)   --->   "%and_ln102_1214 = and i1 %icmp_ln86_993, i1 %and_ln102_1202" [firmware/BDT.h:102]   --->   Operation 100 'and' 'and_ln102_1214' <Predicate = (icmp_ln86 & or_ln117_866)> <Delay = 0.00> <CoreInst = "LogicGate">   --->   Core 74 'LogicGate' <Latency = 0> <II = 1> <Delay = 0.97> <FuncUnit> <Opcode : 'and' 'or' 'xor'> <InPorts = 2> <OutPorts = 1>
ST_4 : Operation 101 [1/1] (0.00ns) (grouped into LUT with out node select_ln117_954)   --->   "%and_ln102_1215 = and i1 %icmp_ln86_994, i1 %xor_ln104_470" [firmware/BDT.h:102]   --->   Operation 101 'and' 'and_ln102_1215' <Predicate = (icmp_ln86)> <Delay = 0.00> <CoreInst = "LogicGate">   --->   Core 74 'LogicGate' <Latency = 0> <II = 1> <Delay = 0.97> <FuncUnit> <Opcode : 'and' 'or' 'xor'> <InPorts = 2> <OutPorts = 1>
ST_4 : Operation 102 [1/1] (0.00ns) (grouped into LUT with out node select_ln117_954)   --->   "%and_ln102_1216 = and i1 %and_ln102_1215, i1 %and_ln102_1197" [firmware/BDT.h:102]   --->   Operation 102 'and' 'and_ln102_1216' <Predicate = (icmp_ln86)> <Delay = 0.00> <CoreInst = "LogicGate">   --->   Core 74 'LogicGate' <Latency = 0> <II = 1> <Delay = 0.97> <FuncUnit> <Opcode : 'and' 'or' 'xor'> <InPorts = 2> <OutPorts = 1>
ST_4 : Operation 103 [1/1] (0.00ns) (grouped into LUT with out node select_ln117_956)   --->   "%and_ln102_1217 = and i1 %icmp_ln86_995, i1 %and_ln102_1203" [firmware/BDT.h:102]   --->   Operation 103 'and' 'and_ln102_1217' <Predicate = (icmp_ln86)> <Delay = 0.00> <CoreInst = "LogicGate">   --->   Core 74 'LogicGate' <Latency = 0> <II = 1> <Delay = 0.97> <FuncUnit> <Opcode : 'and' 'or' 'xor'> <InPorts = 2> <OutPorts = 1>
ST_4 : Operation 104 [1/1] (0.00ns) (grouped into LUT with out node select_ln117_952)   --->   "%or_ln117_865 = or i1 %and_ln102, i1 %and_ln102_1214" [firmware/BDT.h:117]   --->   Operation 104 'or' 'or_ln117_865' <Predicate = (icmp_ln86 & or_ln117_866)> <Delay = 0.00> <CoreInst = "LogicGate">   --->   Core 74 'LogicGate' <Latency = 0> <II = 1> <Delay = 0.97> <FuncUnit> <Opcode : 'and' 'or' 'xor'> <InPorts = 2> <OutPorts = 1>
ST_4 : Operation 105 [1/1] (0.00ns) (grouped into LUT with out node select_ln117_952)   --->   "%select_ln117_951 = select i1 %or_ln117_865, i4 %select_ln117_950, i4 9" [firmware/BDT.h:117]   --->   Operation 105 'select' 'select_ln117_951' <Predicate = (icmp_ln86 & or_ln117_866)> <Delay = 0.00> <CoreInst = "Sel">   --->   Core 73 'Sel' <Latency = 0> <II = 1> <Delay = 1.02> <FuncUnit> <Opcode : 'select'> <InPorts = 3> <OutPorts = 1>
ST_4 : Operation 106 [1/1] (0.00ns) (grouped into LUT with out node select_ln117_954)   --->   "%or_ln117_867 = or i1 %or_ln117_866, i1 %and_ln102_1216" [firmware/BDT.h:117]   --->   Operation 106 'or' 'or_ln117_867' <Predicate = (icmp_ln86)> <Delay = 0.00> <CoreInst = "LogicGate">   --->   Core 74 'LogicGate' <Latency = 0> <II = 1> <Delay = 0.97> <FuncUnit> <Opcode : 'and' 'or' 'xor'> <InPorts = 2> <OutPorts = 1>
ST_4 : Operation 107 [1/1] (1.02ns) (out node of the LUT)   --->   "%select_ln117_952 = select i1 %or_ln117_866, i4 %select_ln117_951, i4 10" [firmware/BDT.h:117]   --->   Operation 107 'select' 'select_ln117_952' <Predicate = (icmp_ln86)> <Delay = 1.02> <CoreInst = "Sel">   --->   Core 73 'Sel' <Latency = 0> <II = 1> <Delay = 1.02> <FuncUnit> <Opcode : 'select'> <InPorts = 3> <OutPorts = 1>
ST_4 : Operation 108 [1/1] (0.97ns)   --->   "%or_ln117_868 = or i1 %and_ln102, i1 %and_ln102_1197" [firmware/BDT.h:117]   --->   Operation 108 'or' 'or_ln117_868' <Predicate = (icmp_ln86)> <Delay = 0.97> <CoreInst = "LogicGate">   --->   Core 74 'LogicGate' <Latency = 0> <II = 1> <Delay = 0.97> <FuncUnit> <Opcode : 'and' 'or' 'xor'> <InPorts = 2> <OutPorts = 1>
ST_4 : Operation 109 [1/1] (0.00ns) (grouped into LUT with out node select_ln117_954)   --->   "%select_ln117_953 = select i1 %or_ln117_867, i4 %select_ln117_952, i4 11" [firmware/BDT.h:117]   --->   Operation 109 'select' 'select_ln117_953' <Predicate = (icmp_ln86)> <Delay = 0.00> <CoreInst = "Sel">   --->   Core 73 'Sel' <Latency = 0> <II = 1> <Delay = 1.02> <FuncUnit> <Opcode : 'select'> <InPorts = 3> <OutPorts = 1>
ST_4 : Operation 110 [1/1] (0.00ns) (grouped into LUT with out node select_ln117_956)   --->   "%or_ln117_869 = or i1 %or_ln117_868, i1 %and_ln102_1217" [firmware/BDT.h:117]   --->   Operation 110 'or' 'or_ln117_869' <Predicate = (icmp_ln86)> <Delay = 0.00> <CoreInst = "LogicGate">   --->   Core 74 'LogicGate' <Latency = 0> <II = 1> <Delay = 0.97> <FuncUnit> <Opcode : 'and' 'or' 'xor'> <InPorts = 2> <OutPorts = 1>
ST_4 : Operation 111 [1/1] (1.02ns) (out node of the LUT)   --->   "%select_ln117_954 = select i1 %or_ln117_868, i4 %select_ln117_953, i4 12" [firmware/BDT.h:117]   --->   Operation 111 'select' 'select_ln117_954' <Predicate = (icmp_ln86)> <Delay = 1.02> <CoreInst = "Sel">   --->   Core 73 'Sel' <Latency = 0> <II = 1> <Delay = 1.02> <FuncUnit> <Opcode : 'select'> <InPorts = 3> <OutPorts = 1>
ST_4 : Operation 112 [1/1] (0.97ns)   --->   "%or_ln117_870 = or i1 %or_ln117_868, i1 %and_ln102_1203" [firmware/BDT.h:117]   --->   Operation 112 'or' 'or_ln117_870' <Predicate = (icmp_ln86)> <Delay = 0.97> <CoreInst = "LogicGate">   --->   Core 74 'LogicGate' <Latency = 0> <II = 1> <Delay = 0.97> <FuncUnit> <Opcode : 'and' 'or' 'xor'> <InPorts = 2> <OutPorts = 1>
ST_4 : Operation 113 [1/1] (0.00ns) (grouped into LUT with out node select_ln117_956)   --->   "%select_ln117_955 = select i1 %or_ln117_869, i4 %select_ln117_954, i4 13" [firmware/BDT.h:117]   --->   Operation 113 'select' 'select_ln117_955' <Predicate = (icmp_ln86)> <Delay = 0.00> <CoreInst = "Sel">   --->   Core 73 'Sel' <Latency = 0> <II = 1> <Delay = 1.02> <FuncUnit> <Opcode : 'select'> <InPorts = 3> <OutPorts = 1>
ST_4 : Operation 114 [1/1] (1.02ns) (out node of the LUT)   --->   "%select_ln117_956 = select i1 %or_ln117_870, i4 %select_ln117_955, i4 14" [firmware/BDT.h:117]   --->   Operation 114 'select' 'select_ln117_956' <Predicate = (icmp_ln86)> <Delay = 1.02> <CoreInst = "Sel">   --->   Core 73 'Sel' <Latency = 0> <II = 1> <Delay = 1.02> <FuncUnit> <Opcode : 'select'> <InPorts = 3> <OutPorts = 1>

State 5 <SV = 4> <Delay = 3.64>
ST_5 : Operation 115 [1/1] (0.00ns) (grouped into LUT with out node and_ln104_179)   --->   "%xor_ln104_466 = xor i1 %icmp_ln86_979, i1 1" [firmware/BDT.h:104]   --->   Operation 115 'xor' 'xor_ln104_466' <Predicate = true> <Delay = 0.00> <CoreInst = "LogicGate">   --->   Core 74 'LogicGate' <Latency = 0> <II = 1> <Delay = 0.97> <FuncUnit> <Opcode : 'and' 'or' 'xor'> <InPorts = 2> <OutPorts = 1>
ST_5 : Operation 116 [1/1] (0.97ns) (out node of the LUT)   --->   "%and_ln104_179 = and i1 %and_ln102_1195, i1 %xor_ln104_466" [firmware/BDT.h:104]   --->   Operation 116 'and' 'and_ln104_179' <Predicate = true> <Delay = 0.97> <CoreInst = "LogicGate">   --->   Core 74 'LogicGate' <Latency = 0> <II = 1> <Delay = 0.97> <FuncUnit> <Opcode : 'and' 'or' 'xor'> <InPorts = 2> <OutPorts = 1>
ST_5 : Operation 117 [1/1] (0.97ns)   --->   "%and_ln102_1199 = and i1 %icmp_ln86_980, i1 %and_ln104_176" [firmware/BDT.h:102]   --->   Operation 117 'and' 'and_ln102_1199' <Predicate = true> <Delay = 0.97> <CoreInst = "LogicGate">   --->   Core 74 'LogicGate' <Latency = 0> <II = 1> <Delay = 0.97> <FuncUnit> <Opcode : 'and' 'or' 'xor'> <InPorts = 2> <OutPorts = 1>
ST_5 : Operation 118 [1/1] (0.00ns) (grouped into LUT with out node and_ln104_180)   --->   "%xor_ln104_467 = xor i1 %icmp_ln86_980, i1 1" [firmware/BDT.h:104]   --->   Operation 118 'xor' 'xor_ln104_467' <Predicate = true> <Delay = 0.00> <CoreInst = "LogicGate">   --->   Core 74 'LogicGate' <Latency = 0> <II = 1> <Delay = 0.97> <FuncUnit> <Opcode : 'and' 'or' 'xor'> <InPorts = 2> <OutPorts = 1>
ST_5 : Operation 119 [1/1] (0.97ns) (out node of the LUT)   --->   "%and_ln104_180 = and i1 %and_ln104_176, i1 %xor_ln104_467" [firmware/BDT.h:104]   --->   Operation 119 'and' 'and_ln104_180' <Predicate = true> <Delay = 0.97> <CoreInst = "LogicGate">   --->   Core 74 'LogicGate' <Latency = 0> <II = 1> <Delay = 0.97> <FuncUnit> <Opcode : 'and' 'or' 'xor'> <InPorts = 2> <OutPorts = 1>
ST_5 : Operation 120 [1/1] (0.00ns) (grouped into LUT with out node select_ln117_958)   --->   "%xor_ln104_471 = xor i1 %icmp_ln86_984, i1 1" [firmware/BDT.h:104]   --->   Operation 120 'xor' 'xor_ln104_471' <Predicate = (icmp_ln86)> <Delay = 0.00> <CoreInst = "LogicGate">   --->   Core 74 'LogicGate' <Latency = 0> <II = 1> <Delay = 0.97> <FuncUnit> <Opcode : 'and' 'or' 'xor'> <InPorts = 2> <OutPorts = 1>
ST_5 : Operation 121 [1/1] (0.00ns) (grouped into LUT with out node select_ln117_962)   --->   "%xor_ln104_472 = xor i1 %icmp_ln86_985, i1 1" [firmware/BDT.h:104]   --->   Operation 121 'xor' 'xor_ln104_472' <Predicate = true> <Delay = 0.00> <CoreInst = "LogicGate">   --->   Core 74 'LogicGate' <Latency = 0> <II = 1> <Delay = 0.97> <FuncUnit> <Opcode : 'and' 'or' 'xor'> <InPorts = 2> <OutPorts = 1>
ST_5 : Operation 122 [1/1] (0.97ns)   --->   "%and_ln102_1205 = and i1 %icmp_ln86_986, i1 %and_ln104_179" [firmware/BDT.h:102]   --->   Operation 122 'and' 'and_ln102_1205' <Predicate = true> <Delay = 0.97> <CoreInst = "LogicGate">   --->   Core 74 'LogicGate' <Latency = 0> <II = 1> <Delay = 0.97> <FuncUnit> <Opcode : 'and' 'or' 'xor'> <InPorts = 2> <OutPorts = 1>
ST_5 : Operation 123 [1/1] (0.00ns) (grouped into LUT with out node select_ln117_958)   --->   "%and_ln102_1218 = and i1 %icmp_ln86_996, i1 %xor_ln104_471" [firmware/BDT.h:102]   --->   Operation 123 'and' 'and_ln102_1218' <Predicate = (icmp_ln86)> <Delay = 0.00> <CoreInst = "LogicGate">   --->   Core 74 'LogicGate' <Latency = 0> <II = 1> <Delay = 0.97> <FuncUnit> <Opcode : 'and' 'or' 'xor'> <InPorts = 2> <OutPorts = 1>
ST_5 : Operation 124 [1/1] (0.00ns) (grouped into LUT with out node select_ln117_958)   --->   "%and_ln102_1219 = and i1 %and_ln102_1218, i1 %and_ln104_178" [firmware/BDT.h:102]   --->   Operation 124 'and' 'and_ln102_1219' <Predicate = (icmp_ln86)> <Delay = 0.00> <CoreInst = "LogicGate">   --->   Core 74 'LogicGate' <Latency = 0> <II = 1> <Delay = 0.97> <FuncUnit> <Opcode : 'and' 'or' 'xor'> <InPorts = 2> <OutPorts = 1>
ST_5 : Operation 125 [1/1] (0.00ns) (grouped into LUT with out node select_ln117_960)   --->   "%and_ln102_1220 = and i1 %icmp_ln86_997, i1 %and_ln102_1204" [firmware/BDT.h:102]   --->   Operation 125 'and' 'and_ln102_1220' <Predicate = true> <Delay = 0.00> <CoreInst = "LogicGate">   --->   Core 74 'LogicGate' <Latency = 0> <II = 1> <Delay = 0.97> <FuncUnit> <Opcode : 'and' 'or' 'xor'> <InPorts = 2> <OutPorts = 1>
ST_5 : Operation 126 [1/1] (0.00ns) (grouped into LUT with out node select_ln117_962)   --->   "%and_ln102_1221 = and i1 %icmp_ln86_998, i1 %xor_ln104_472" [firmware/BDT.h:102]   --->   Operation 126 'and' 'and_ln102_1221' <Predicate = true> <Delay = 0.00> <CoreInst = "LogicGate">   --->   Core 74 'LogicGate' <Latency = 0> <II = 1> <Delay = 0.97> <FuncUnit> <Opcode : 'and' 'or' 'xor'> <InPorts = 2> <OutPorts = 1>
ST_5 : Operation 127 [1/1] (0.00ns) (grouped into LUT with out node select_ln117_962)   --->   "%and_ln102_1222 = and i1 %and_ln102_1221, i1 %and_ln102_1198" [firmware/BDT.h:102]   --->   Operation 127 'and' 'and_ln102_1222' <Predicate = true> <Delay = 0.00> <CoreInst = "LogicGate">   --->   Core 74 'LogicGate' <Latency = 0> <II = 1> <Delay = 0.97> <FuncUnit> <Opcode : 'and' 'or' 'xor'> <InPorts = 2> <OutPorts = 1>
ST_5 : Operation 128 [1/1] (0.00ns) (grouped into LUT with out node select_ln117_958)   --->   "%or_ln117_871 = or i1 %or_ln117_870, i1 %and_ln102_1219" [firmware/BDT.h:117]   --->   Operation 128 'or' 'or_ln117_871' <Predicate = (icmp_ln86)> <Delay = 0.00> <CoreInst = "LogicGate">   --->   Core 74 'LogicGate' <Latency = 0> <II = 1> <Delay = 0.97> <FuncUnit> <Opcode : 'and' 'or' 'xor'> <InPorts = 2> <OutPorts = 1>
ST_5 : Operation 129 [1/1] (0.00ns) (grouped into LUT with out node select_ln117_958)   --->   "%select_ln117_957 = select i1 %or_ln117_871, i4 %select_ln117_956, i4 15" [firmware/BDT.h:117]   --->   Operation 129 'select' 'select_ln117_957' <Predicate = (icmp_ln86)> <Delay = 0.00> <CoreInst = "Sel">   --->   Core 73 'Sel' <Latency = 0> <II = 1> <Delay = 1.02> <FuncUnit> <Opcode : 'select'> <InPorts = 3> <OutPorts = 1>
ST_5 : Operation 130 [1/1] (0.00ns) (grouped into LUT with out node select_ln117_958)   --->   "%zext_ln117_105 = zext i4 %select_ln117_957" [firmware/BDT.h:117]   --->   Operation 130 'zext' 'zext_ln117_105' <Predicate = (icmp_ln86)> <Delay = 0.00>
ST_5 : Operation 131 [1/1] (0.00ns) (grouped into LUT with out node select_ln117_960)   --->   "%or_ln117_872 = or i1 %icmp_ln86, i1 %and_ln102_1220" [firmware/BDT.h:117]   --->   Operation 131 'or' 'or_ln117_872' <Predicate = true> <Delay = 0.00> <CoreInst = "LogicGate">   --->   Core 74 'LogicGate' <Latency = 0> <II = 1> <Delay = 0.97> <FuncUnit> <Opcode : 'and' 'or' 'xor'> <InPorts = 2> <OutPorts = 1>
ST_5 : Operation 132 [1/1] (1.21ns) (out node of the LUT)   --->   "%select_ln117_958 = select i1 %icmp_ln86, i5 %zext_ln117_105, i5 16" [firmware/BDT.h:117]   --->   Operation 132 'select' 'select_ln117_958' <Predicate = true> <Delay = 1.21> <CoreInst = "Sel">   --->   Core 73 'Sel' <Latency = 0> <II = 1> <Delay = 1.21> <FuncUnit> <Opcode : 'select'> <InPorts = 3> <OutPorts = 1>
ST_5 : Operation 133 [1/1] (0.97ns)   --->   "%or_ln117_873 = or i1 %icmp_ln86, i1 %and_ln102_1204" [firmware/BDT.h:117]   --->   Operation 133 'or' 'or_ln117_873' <Predicate = true> <Delay = 0.97> <CoreInst = "LogicGate">   --->   Core 74 'LogicGate' <Latency = 0> <II = 1> <Delay = 0.97> <FuncUnit> <Opcode : 'and' 'or' 'xor'> <InPorts = 2> <OutPorts = 1>
ST_5 : Operation 134 [1/1] (0.00ns) (grouped into LUT with out node select_ln117_960)   --->   "%select_ln117_959 = select i1 %or_ln117_872, i5 %select_ln117_958, i5 17" [firmware/BDT.h:117]   --->   Operation 134 'select' 'select_ln117_959' <Predicate = true> <Delay = 0.00> <CoreInst = "Sel">   --->   Core 73 'Sel' <Latency = 0> <II = 1> <Delay = 1.21> <FuncUnit> <Opcode : 'select'> <InPorts = 3> <OutPorts = 1>
ST_5 : Operation 135 [1/1] (0.00ns) (grouped into LUT with out node select_ln117_962)   --->   "%or_ln117_874 = or i1 %or_ln117_873, i1 %and_ln102_1222" [firmware/BDT.h:117]   --->   Operation 135 'or' 'or_ln117_874' <Predicate = true> <Delay = 0.00> <CoreInst = "LogicGate">   --->   Core 74 'LogicGate' <Latency = 0> <II = 1> <Delay = 0.97> <FuncUnit> <Opcode : 'and' 'or' 'xor'> <InPorts = 2> <OutPorts = 1>
ST_5 : Operation 136 [1/1] (1.21ns) (out node of the LUT)   --->   "%select_ln117_960 = select i1 %or_ln117_873, i5 %select_ln117_959, i5 18" [firmware/BDT.h:117]   --->   Operation 136 'select' 'select_ln117_960' <Predicate = true> <Delay = 1.21> <CoreInst = "Sel">   --->   Core 73 'Sel' <Latency = 0> <II = 1> <Delay = 1.21> <FuncUnit> <Opcode : 'select'> <InPorts = 3> <OutPorts = 1>
ST_5 : Operation 137 [1/1] (0.97ns)   --->   "%or_ln117_875 = or i1 %icmp_ln86, i1 %and_ln102_1198" [firmware/BDT.h:117]   --->   Operation 137 'or' 'or_ln117_875' <Predicate = true> <Delay = 0.97> <CoreInst = "LogicGate">   --->   Core 74 'LogicGate' <Latency = 0> <II = 1> <Delay = 0.97> <FuncUnit> <Opcode : 'and' 'or' 'xor'> <InPorts = 2> <OutPorts = 1>
ST_5 : Operation 138 [1/1] (0.00ns) (grouped into LUT with out node select_ln117_962)   --->   "%select_ln117_961 = select i1 %or_ln117_874, i5 %select_ln117_960, i5 19" [firmware/BDT.h:117]   --->   Operation 138 'select' 'select_ln117_961' <Predicate = true> <Delay = 0.00> <CoreInst = "Sel">   --->   Core 73 'Sel' <Latency = 0> <II = 1> <Delay = 1.21> <FuncUnit> <Opcode : 'select'> <InPorts = 3> <OutPorts = 1>
ST_5 : Operation 139 [1/1] (1.21ns) (out node of the LUT)   --->   "%select_ln117_962 = select i1 %or_ln117_875, i5 %select_ln117_961, i5 20" [firmware/BDT.h:117]   --->   Operation 139 'select' 'select_ln117_962' <Predicate = true> <Delay = 1.21> <CoreInst = "Sel">   --->   Core 73 'Sel' <Latency = 0> <II = 1> <Delay = 1.21> <FuncUnit> <Opcode : 'select'> <InPorts = 3> <OutPorts = 1>
ST_5 : Operation 140 [1/1] (0.97ns)   --->   "%or_ln117_877 = or i1 %or_ln117_875, i1 %and_ln102_1205" [firmware/BDT.h:117]   --->   Operation 140 'or' 'or_ln117_877' <Predicate = true> <Delay = 0.97> <CoreInst = "LogicGate">   --->   Core 74 'LogicGate' <Latency = 0> <II = 1> <Delay = 0.97> <FuncUnit> <Opcode : 'and' 'or' 'xor'> <InPorts = 2> <OutPorts = 1>
ST_5 : Operation 141 [1/1] (0.97ns)   --->   "%or_ln117_879 = or i1 %icmp_ln86, i1 %and_ln102_1195" [firmware/BDT.h:117]   --->   Operation 141 'or' 'or_ln117_879' <Predicate = true> <Delay = 0.97> <CoreInst = "LogicGate">   --->   Core 74 'LogicGate' <Latency = 0> <II = 1> <Delay = 0.97> <FuncUnit> <Opcode : 'and' 'or' 'xor'> <InPorts = 2> <OutPorts = 1>

State 6 <SV = 5> <Delay = 3.64>
ST_6 : Operation 142 [1/1] (0.00ns) (grouped into LUT with out node select_ln117_966)   --->   "%xor_ln104_473 = xor i1 %icmp_ln86_986, i1 1" [firmware/BDT.h:104]   --->   Operation 142 'xor' 'xor_ln104_473' <Predicate = (or_ln117_879)> <Delay = 0.00> <CoreInst = "LogicGate">   --->   Core 74 'LogicGate' <Latency = 0> <II = 1> <Delay = 0.97> <FuncUnit> <Opcode : 'and' 'or' 'xor'> <InPorts = 2> <OutPorts = 1>
ST_6 : Operation 143 [1/1] (0.97ns)   --->   "%and_ln102_1206 = and i1 %icmp_ln86_987, i1 %and_ln102_1199" [firmware/BDT.h:102]   --->   Operation 143 'and' 'and_ln102_1206' <Predicate = true> <Delay = 0.97> <CoreInst = "LogicGate">   --->   Core 74 'LogicGate' <Latency = 0> <II = 1> <Delay = 0.97> <FuncUnit> <Opcode : 'and' 'or' 'xor'> <InPorts = 2> <OutPorts = 1>
ST_6 : Operation 144 [1/1] (0.00ns) (grouped into LUT with out node select_ln117_964)   --->   "%and_ln102_1223 = and i1 %icmp_ln86_999, i1 %and_ln102_1205" [firmware/BDT.h:102]   --->   Operation 144 'and' 'and_ln102_1223' <Predicate = (or_ln117_877 & or_ln117_879)> <Delay = 0.00> <CoreInst = "LogicGate">   --->   Core 74 'LogicGate' <Latency = 0> <II = 1> <Delay = 0.97> <FuncUnit> <Opcode : 'and' 'or' 'xor'> <InPorts = 2> <OutPorts = 1>
ST_6 : Operation 145 [1/1] (0.00ns) (grouped into LUT with out node select_ln117_966)   --->   "%and_ln102_1224 = and i1 %icmp_ln86_1000, i1 %xor_ln104_473" [firmware/BDT.h:102]   --->   Operation 145 'and' 'and_ln102_1224' <Predicate = (or_ln117_879)> <Delay = 0.00> <CoreInst = "LogicGate">   --->   Core 74 'LogicGate' <Latency = 0> <II = 1> <Delay = 0.97> <FuncUnit> <Opcode : 'and' 'or' 'xor'> <InPorts = 2> <OutPorts = 1>
ST_6 : Operation 146 [1/1] (0.00ns) (grouped into LUT with out node select_ln117_966)   --->   "%and_ln102_1225 = and i1 %and_ln102_1224, i1 %and_ln104_179" [firmware/BDT.h:102]   --->   Operation 146 'and' 'and_ln102_1225' <Predicate = (or_ln117_879)> <Delay = 0.00> <CoreInst = "LogicGate">   --->   Core 74 'LogicGate' <Latency = 0> <II = 1> <Delay = 0.97> <FuncUnit> <Opcode : 'and' 'or' 'xor'> <InPorts = 2> <OutPorts = 1>
ST_6 : Operation 147 [1/1] (0.00ns) (grouped into LUT with out node select_ln117_968)   --->   "%and_ln102_1226 = and i1 %icmp_ln86_1001, i1 %and_ln102_1206" [firmware/BDT.h:102]   --->   Operation 147 'and' 'and_ln102_1226' <Predicate = true> <Delay = 0.00> <CoreInst = "LogicGate">   --->   Core 74 'LogicGate' <Latency = 0> <II = 1> <Delay = 0.97> <FuncUnit> <Opcode : 'and' 'or' 'xor'> <InPorts = 2> <OutPorts = 1>
ST_6 : Operation 148 [1/1] (0.00ns) (grouped into LUT with out node select_ln117_964)   --->   "%or_ln117_876 = or i1 %or_ln117_875, i1 %and_ln102_1223" [firmware/BDT.h:117]   --->   Operation 148 'or' 'or_ln117_876' <Predicate = (or_ln117_877 & or_ln117_879)> <Delay = 0.00> <CoreInst = "LogicGate">   --->   Core 74 'LogicGate' <Latency = 0> <II = 1> <Delay = 0.97> <FuncUnit> <Opcode : 'and' 'or' 'xor'> <InPorts = 2> <OutPorts = 1>
ST_6 : Operation 149 [1/1] (0.00ns) (grouped into LUT with out node select_ln117_964)   --->   "%select_ln117_963 = select i1 %or_ln117_876, i5 %select_ln117_962, i5 21" [firmware/BDT.h:117]   --->   Operation 149 'select' 'select_ln117_963' <Predicate = (or_ln117_877 & or_ln117_879)> <Delay = 0.00> <CoreInst = "Sel">   --->   Core 73 'Sel' <Latency = 0> <II = 1> <Delay = 1.21> <FuncUnit> <Opcode : 'select'> <InPorts = 3> <OutPorts = 1>
ST_6 : Operation 150 [1/1] (0.00ns) (grouped into LUT with out node select_ln117_966)   --->   "%or_ln117_878 = or i1 %or_ln117_877, i1 %and_ln102_1225" [firmware/BDT.h:117]   --->   Operation 150 'or' 'or_ln117_878' <Predicate = (or_ln117_879)> <Delay = 0.00> <CoreInst = "LogicGate">   --->   Core 74 'LogicGate' <Latency = 0> <II = 1> <Delay = 0.97> <FuncUnit> <Opcode : 'and' 'or' 'xor'> <InPorts = 2> <OutPorts = 1>
ST_6 : Operation 151 [1/1] (1.21ns) (out node of the LUT)   --->   "%select_ln117_964 = select i1 %or_ln117_877, i5 %select_ln117_963, i5 22" [firmware/BDT.h:117]   --->   Operation 151 'select' 'select_ln117_964' <Predicate = (or_ln117_879)> <Delay = 1.21> <CoreInst = "Sel">   --->   Core 73 'Sel' <Latency = 0> <II = 1> <Delay = 1.21> <FuncUnit> <Opcode : 'select'> <InPorts = 3> <OutPorts = 1>
ST_6 : Operation 152 [1/1] (0.00ns) (grouped into LUT with out node select_ln117_966)   --->   "%select_ln117_965 = select i1 %or_ln117_878, i5 %select_ln117_964, i5 23" [firmware/BDT.h:117]   --->   Operation 152 'select' 'select_ln117_965' <Predicate = (or_ln117_879)> <Delay = 0.00> <CoreInst = "Sel">   --->   Core 73 'Sel' <Latency = 0> <II = 1> <Delay = 1.21> <FuncUnit> <Opcode : 'select'> <InPorts = 3> <OutPorts = 1>
ST_6 : Operation 153 [1/1] (0.00ns) (grouped into LUT with out node select_ln117_968)   --->   "%or_ln117_880 = or i1 %or_ln117_879, i1 %and_ln102_1226" [firmware/BDT.h:117]   --->   Operation 153 'or' 'or_ln117_880' <Predicate = true> <Delay = 0.00> <CoreInst = "LogicGate">   --->   Core 74 'LogicGate' <Latency = 0> <II = 1> <Delay = 0.97> <FuncUnit> <Opcode : 'and' 'or' 'xor'> <InPorts = 2> <OutPorts = 1>
ST_6 : Operation 154 [1/1] (1.21ns) (out node of the LUT)   --->   "%select_ln117_966 = select i1 %or_ln117_879, i5 %select_ln117_965, i5 24" [firmware/BDT.h:117]   --->   Operation 154 'select' 'select_ln117_966' <Predicate = true> <Delay = 1.21> <CoreInst = "Sel">   --->   Core 73 'Sel' <Latency = 0> <II = 1> <Delay = 1.21> <FuncUnit> <Opcode : 'select'> <InPorts = 3> <OutPorts = 1>
ST_6 : Operation 155 [1/1] (0.97ns)   --->   "%or_ln117_881 = or i1 %or_ln117_879, i1 %and_ln102_1206" [firmware/BDT.h:117]   --->   Operation 155 'or' 'or_ln117_881' <Predicate = true> <Delay = 0.97> <CoreInst = "LogicGate">   --->   Core 74 'LogicGate' <Latency = 0> <II = 1> <Delay = 0.97> <FuncUnit> <Opcode : 'and' 'or' 'xor'> <InPorts = 2> <OutPorts = 1>
ST_6 : Operation 156 [1/1] (0.00ns) (grouped into LUT with out node select_ln117_968)   --->   "%select_ln117_967 = select i1 %or_ln117_880, i5 %select_ln117_966, i5 25" [firmware/BDT.h:117]   --->   Operation 156 'select' 'select_ln117_967' <Predicate = true> <Delay = 0.00> <CoreInst = "Sel">   --->   Core 73 'Sel' <Latency = 0> <II = 1> <Delay = 1.21> <FuncUnit> <Opcode : 'select'> <InPorts = 3> <OutPorts = 1>
ST_6 : Operation 157 [1/1] (1.21ns) (out node of the LUT)   --->   "%select_ln117_968 = select i1 %or_ln117_881, i5 %select_ln117_967, i5 26" [firmware/BDT.h:117]   --->   Operation 157 'select' 'select_ln117_968' <Predicate = true> <Delay = 1.21> <CoreInst = "Sel">   --->   Core 73 'Sel' <Latency = 0> <II = 1> <Delay = 1.21> <FuncUnit> <Opcode : 'select'> <InPorts = 3> <OutPorts = 1>

State 7 <SV = 6> <Delay = 3.40>
ST_7 : Operation 158 [1/1] (0.00ns) (grouped into LUT with out node select_ln117_970)   --->   "%xor_ln104_474 = xor i1 %icmp_ln86_987, i1 1" [firmware/BDT.h:104]   --->   Operation 158 'xor' 'xor_ln104_474' <Predicate = true> <Delay = 0.00> <CoreInst = "LogicGate">   --->   Core 74 'LogicGate' <Latency = 0> <II = 1> <Delay = 0.97> <FuncUnit> <Opcode : 'and' 'or' 'xor'> <InPorts = 2> <OutPorts = 1>
ST_7 : Operation 159 [1/1] (0.97ns)   --->   "%and_ln102_1207 = and i1 %icmp_ln86_988, i1 %and_ln104_180" [firmware/BDT.h:102]   --->   Operation 159 'and' 'and_ln102_1207' <Predicate = true> <Delay = 0.97> <CoreInst = "LogicGate">   --->   Core 74 'LogicGate' <Latency = 0> <II = 1> <Delay = 0.97> <FuncUnit> <Opcode : 'and' 'or' 'xor'> <InPorts = 2> <OutPorts = 1>
ST_7 : Operation 160 [1/1] (0.00ns) (grouped into LUT with out node select_ln117_970)   --->   "%and_ln102_1227 = and i1 %icmp_ln86_1002, i1 %xor_ln104_474" [firmware/BDT.h:102]   --->   Operation 160 'and' 'and_ln102_1227' <Predicate = true> <Delay = 0.00> <CoreInst = "LogicGate">   --->   Core 74 'LogicGate' <Latency = 0> <II = 1> <Delay = 0.97> <FuncUnit> <Opcode : 'and' 'or' 'xor'> <InPorts = 2> <OutPorts = 1>
ST_7 : Operation 161 [1/1] (0.00ns) (grouped into LUT with out node select_ln117_970)   --->   "%and_ln102_1228 = and i1 %and_ln102_1227, i1 %and_ln102_1199" [firmware/BDT.h:102]   --->   Operation 161 'and' 'and_ln102_1228' <Predicate = true> <Delay = 0.00> <CoreInst = "LogicGate">   --->   Core 74 'LogicGate' <Latency = 0> <II = 1> <Delay = 0.97> <FuncUnit> <Opcode : 'and' 'or' 'xor'> <InPorts = 2> <OutPorts = 1>
ST_7 : Operation 162 [1/1] (0.00ns) (grouped into LUT with out node select_ln117_972)   --->   "%and_ln102_1229 = and i1 %icmp_ln86_1003, i1 %and_ln102_1207" [firmware/BDT.h:102]   --->   Operation 162 'and' 'and_ln102_1229' <Predicate = true> <Delay = 0.00> <CoreInst = "LogicGate">   --->   Core 74 'LogicGate' <Latency = 0> <II = 1> <Delay = 0.97> <FuncUnit> <Opcode : 'and' 'or' 'xor'> <InPorts = 2> <OutPorts = 1>
ST_7 : Operation 163 [1/1] (0.00ns) (grouped into LUT with out node select_ln117_970)   --->   "%or_ln117_882 = or i1 %or_ln117_881, i1 %and_ln102_1228" [firmware/BDT.h:117]   --->   Operation 163 'or' 'or_ln117_882' <Predicate = true> <Delay = 0.00> <CoreInst = "LogicGate">   --->   Core 74 'LogicGate' <Latency = 0> <II = 1> <Delay = 0.97> <FuncUnit> <Opcode : 'and' 'or' 'xor'> <InPorts = 2> <OutPorts = 1>
ST_7 : Operation 164 [1/1] (0.97ns)   --->   "%or_ln117_883 = or i1 %or_ln117_879, i1 %and_ln102_1199" [firmware/BDT.h:117]   --->   Operation 164 'or' 'or_ln117_883' <Predicate = true> <Delay = 0.97> <CoreInst = "LogicGate">   --->   Core 74 'LogicGate' <Latency = 0> <II = 1> <Delay = 0.97> <FuncUnit> <Opcode : 'and' 'or' 'xor'> <InPorts = 2> <OutPorts = 1>
ST_7 : Operation 165 [1/1] (0.00ns) (grouped into LUT with out node select_ln117_970)   --->   "%select_ln117_969 = select i1 %or_ln117_882, i5 %select_ln117_968, i5 27" [firmware/BDT.h:117]   --->   Operation 165 'select' 'select_ln117_969' <Predicate = true> <Delay = 0.00> <CoreInst = "Sel">   --->   Core 73 'Sel' <Latency = 0> <II = 1> <Delay = 1.21> <FuncUnit> <Opcode : 'select'> <InPorts = 3> <OutPorts = 1>
ST_7 : Operation 166 [1/1] (0.00ns) (grouped into LUT with out node select_ln117_972)   --->   "%or_ln117_884 = or i1 %or_ln117_883, i1 %and_ln102_1229" [firmware/BDT.h:117]   --->   Operation 166 'or' 'or_ln117_884' <Predicate = true> <Delay = 0.00> <CoreInst = "LogicGate">   --->   Core 74 'LogicGate' <Latency = 0> <II = 1> <Delay = 0.97> <FuncUnit> <Opcode : 'and' 'or' 'xor'> <InPorts = 2> <OutPorts = 1>
ST_7 : Operation 167 [1/1] (1.21ns) (out node of the LUT)   --->   "%select_ln117_970 = select i1 %or_ln117_883, i5 %select_ln117_969, i5 28" [firmware/BDT.h:117]   --->   Operation 167 'select' 'select_ln117_970' <Predicate = true> <Delay = 1.21> <CoreInst = "Sel">   --->   Core 73 'Sel' <Latency = 0> <II = 1> <Delay = 1.21> <FuncUnit> <Opcode : 'select'> <InPorts = 3> <OutPorts = 1>
ST_7 : Operation 168 [1/1] (0.97ns)   --->   "%or_ln117_885 = or i1 %or_ln117_883, i1 %and_ln102_1207" [firmware/BDT.h:117]   --->   Operation 168 'or' 'or_ln117_885' <Predicate = true> <Delay = 0.97> <CoreInst = "LogicGate">   --->   Core 74 'LogicGate' <Latency = 0> <II = 1> <Delay = 0.97> <FuncUnit> <Opcode : 'and' 'or' 'xor'> <InPorts = 2> <OutPorts = 1>
ST_7 : Operation 169 [1/1] (0.00ns) (grouped into LUT with out node select_ln117_972)   --->   "%select_ln117_971 = select i1 %or_ln117_884, i5 %select_ln117_970, i5 29" [firmware/BDT.h:117]   --->   Operation 169 'select' 'select_ln117_971' <Predicate = true> <Delay = 0.00> <CoreInst = "Sel">   --->   Core 73 'Sel' <Latency = 0> <II = 1> <Delay = 1.21> <FuncUnit> <Opcode : 'select'> <InPorts = 3> <OutPorts = 1>
ST_7 : Operation 170 [1/1] (1.21ns) (out node of the LUT)   --->   "%select_ln117_972 = select i1 %or_ln117_885, i5 %select_ln117_971, i5 30" [firmware/BDT.h:117]   --->   Operation 170 'select' 'select_ln117_972' <Predicate = true> <Delay = 1.21> <CoreInst = "Sel">   --->   Core 73 'Sel' <Latency = 0> <II = 1> <Delay = 1.21> <FuncUnit> <Opcode : 'select'> <InPorts = 3> <OutPorts = 1>

State 8 <SV = 7> <Delay = 3.20>
ST_8 : Operation 171 [1/1] (0.00ns)   --->   "%specpipeline_ln86 = specpipeline void @_ssdm_op_SpecPipeline, i32 1, i32 0, i32 0, i32 0, void @empty_13" [firmware/BDT.h:86]   --->   Operation 171 'specpipeline' 'specpipeline_ln86' <Predicate = true> <Delay = 0.00>
ST_8 : Operation 172 [1/1] (0.00ns) (grouped into LUT with out node agg_result)   --->   "%xor_ln104_475 = xor i1 %icmp_ln86_988, i1 1" [firmware/BDT.h:104]   --->   Operation 172 'xor' 'xor_ln104_475' <Predicate = true> <Delay = 0.00> <CoreInst = "LogicGate">   --->   Core 74 'LogicGate' <Latency = 0> <II = 1> <Delay = 0.97> <FuncUnit> <Opcode : 'and' 'or' 'xor'> <InPorts = 2> <OutPorts = 1>
ST_8 : Operation 173 [1/1] (0.00ns) (grouped into LUT with out node agg_result)   --->   "%and_ln102_1230 = and i1 %icmp_ln86_1004, i1 %xor_ln104_475" [firmware/BDT.h:102]   --->   Operation 173 'and' 'and_ln102_1230' <Predicate = true> <Delay = 0.00> <CoreInst = "LogicGate">   --->   Core 74 'LogicGate' <Latency = 0> <II = 1> <Delay = 0.97> <FuncUnit> <Opcode : 'and' 'or' 'xor'> <InPorts = 2> <OutPorts = 1>
ST_8 : Operation 174 [1/1] (0.00ns) (grouped into LUT with out node agg_result)   --->   "%and_ln102_1231 = and i1 %and_ln102_1230, i1 %and_ln104_180" [firmware/BDT.h:102]   --->   Operation 174 'and' 'and_ln102_1231' <Predicate = true> <Delay = 0.00> <CoreInst = "LogicGate">   --->   Core 74 'LogicGate' <Latency = 0> <II = 1> <Delay = 0.97> <FuncUnit> <Opcode : 'and' 'or' 'xor'> <InPorts = 2> <OutPorts = 1>
ST_8 : Operation 175 [1/1] (0.00ns) (grouped into LUT with out node agg_result)   --->   "%or_ln117_886 = or i1 %or_ln117_885, i1 %and_ln102_1231" [firmware/BDT.h:117]   --->   Operation 175 'or' 'or_ln117_886' <Predicate = true> <Delay = 0.00> <CoreInst = "LogicGate">   --->   Core 74 'LogicGate' <Latency = 0> <II = 1> <Delay = 0.97> <FuncUnit> <Opcode : 'and' 'or' 'xor'> <InPorts = 2> <OutPorts = 1>
ST_8 : Operation 176 [1/1] (0.00ns) (grouped into LUT with out node agg_result)   --->   "%select_ln117_973 = select i1 %or_ln117_886, i5 %select_ln117_972, i5 31" [firmware/BDT.h:117]   --->   Operation 176 'select' 'select_ln117_973' <Predicate = true> <Delay = 0.00> <CoreInst = "Sel">   --->   Core 73 'Sel' <Latency = 0> <II = 1> <Delay = 1.21> <FuncUnit> <Opcode : 'select'> <InPorts = 3> <OutPorts = 1>
ST_8 : Operation 177 [1/1] (3.20ns) (out node of the LUT)   --->   "%agg_result = sparsemux i13 @_ssdm_op_SparseMux.ap_auto.32i13.i13.i5, i5 0, i13 7629, i5 1, i13 7860, i5 2, i13 455, i5 3, i13 8066, i5 4, i13 898, i5 5, i13 8152, i5 6, i13 1708, i5 7, i13 774, i5 8, i13 7649, i5 9, i13 7982, i5 10, i13 7569, i5 11, i13 7631, i5 12, i13 8115, i5 13, i13 681, i5 14, i13 227, i5 15, i13 7856, i5 16, i13 2157, i5 17, i13 1359, i5 18, i13 1323, i5 19, i13 376, i5 20, i13 2123, i5 21, i13 2477, i5 22, i13 1650, i5 23, i13 8152, i5 24, i13 1417, i5 25, i13 348, i5 26, i13 1831, i5 27, i13 1150, i5 28, i13 1035, i5 29, i13 236, i5 30, i13 143, i5 31, i13 7860, i13 0, i5 %select_ln117_973" [firmware/BDT.h:118]   --->   Operation 177 'sparsemux' 'agg_result' <Predicate = true> <Delay = 3.20> <CoreInst = "SparseMux">   --->   Core 132 'SparseMux' <Latency = 0> <II = 1> <Delay = 3.20> <FuncUnit> <Opcode : 'sparsemux'> <InPorts = 2> <OutPorts = 1>
ST_8 : Operation 178 [1/1] (0.00ns)   --->   "%ret_ln122 = ret i13 %agg_result" [firmware/BDT.h:122]   --->   Operation 178 'ret' 'ret_ln122' <Predicate = true> <Delay = 0.00>


============================================================
+ Verbose Summary: Timing violations
============================================================
Target clock period: 5.000ns, clock uncertainty: 1.350ns.

 <State 1>: 3.114ns
The critical path consists of the following:
	wire read operation ('p_read611', firmware/BDT.h:86) on port 'p_read6' (firmware/BDT.h:86) [26]  (0.000 ns)
	'icmp' operation 1 bit ('icmp_ln86', firmware/BDT.h:86) [32]  (2.136 ns)
	'and' operation 1 bit ('and_ln102', firmware/BDT.h:102) [65]  (0.978 ns)

 <State 2>: 2.934ns
The critical path consists of the following:
	'and' operation 1 bit ('and_ln102_1196', firmware/BDT.h:102) [71]  (0.978 ns)
	'and' operation 1 bit ('and_ln102_1200', firmware/BDT.h:102) [83]  (0.978 ns)
	'or' operation 1 bit ('or_ln117', firmware/BDT.h:117) [125]  (0.978 ns)

 <State 3>: 2.997ns
The critical path consists of the following:
	'and' operation 1 bit ('and_ln102_1208', firmware/BDT.h:102) [99]  (0.000 ns)
	'xor' operation 1 bit ('xor_ln117', firmware/BDT.h:117) [123]  (0.000 ns)
	'select' operation 2 bit ('select_ln117', firmware/BDT.h:117) [126]  (0.000 ns)
	'select' operation 2 bit ('select_ln117_945', firmware/BDT.h:117) [127]  (0.000 ns)
	'select' operation 3 bit ('select_ln117_946', firmware/BDT.h:117) [130]  (0.993 ns)
	'select' operation 3 bit ('select_ln117_947', firmware/BDT.h:117) [132]  (0.000 ns)
	'select' operation 3 bit ('select_ln117_948', firmware/BDT.h:117) [134]  (0.980 ns)
	'select' operation 3 bit ('select_ln117_949', firmware/BDT.h:117) [135]  (0.000 ns)
	'select' operation 4 bit ('select_ln117_950', firmware/BDT.h:117) [138]  (1.024 ns)

 <State 4>: 3.072ns
The critical path consists of the following:
	'and' operation 1 bit ('and_ln102_1214', firmware/BDT.h:102) [105]  (0.000 ns)
	'or' operation 1 bit ('or_ln117_865', firmware/BDT.h:117) [137]  (0.000 ns)
	'select' operation 4 bit ('select_ln117_951', firmware/BDT.h:117) [140]  (0.000 ns)
	'select' operation 4 bit ('select_ln117_952', firmware/BDT.h:117) [142]  (1.024 ns)
	'select' operation 4 bit ('select_ln117_953', firmware/BDT.h:117) [144]  (0.000 ns)
	'select' operation 4 bit ('select_ln117_954', firmware/BDT.h:117) [146]  (1.024 ns)
	'select' operation 4 bit ('select_ln117_955', firmware/BDT.h:117) [148]  (0.000 ns)
	'select' operation 4 bit ('select_ln117_956', firmware/BDT.h:117) [150]  (1.024 ns)

 <State 5>: 3.645ns
The critical path consists of the following:
	'xor' operation 1 bit ('xor_ln104_471', firmware/BDT.h:104) [90]  (0.000 ns)
	'and' operation 1 bit ('and_ln102_1218', firmware/BDT.h:102) [109]  (0.000 ns)
	'and' operation 1 bit ('and_ln102_1219', firmware/BDT.h:102) [110]  (0.000 ns)
	'or' operation 1 bit ('or_ln117_871', firmware/BDT.h:117) [149]  (0.000 ns)
	'select' operation 4 bit ('select_ln117_957', firmware/BDT.h:117) [151]  (0.000 ns)
	'select' operation 5 bit ('select_ln117_958', firmware/BDT.h:117) [154]  (1.215 ns)
	'select' operation 5 bit ('select_ln117_959', firmware/BDT.h:117) [156]  (0.000 ns)
	'select' operation 5 bit ('select_ln117_960', firmware/BDT.h:117) [158]  (1.215 ns)
	'select' operation 5 bit ('select_ln117_961', firmware/BDT.h:117) [160]  (0.000 ns)
	'select' operation 5 bit ('select_ln117_962', firmware/BDT.h:117) [162]  (1.215 ns)

 <State 6>: 3.645ns
The critical path consists of the following:
	'and' operation 1 bit ('and_ln102_1223', firmware/BDT.h:102) [114]  (0.000 ns)
	'or' operation 1 bit ('or_ln117_876', firmware/BDT.h:117) [161]  (0.000 ns)
	'select' operation 5 bit ('select_ln117_963', firmware/BDT.h:117) [164]  (0.000 ns)
	'select' operation 5 bit ('select_ln117_964', firmware/BDT.h:117) [166]  (1.215 ns)
	'select' operation 5 bit ('select_ln117_965', firmware/BDT.h:117) [168]  (0.000 ns)
	'select' operation 5 bit ('select_ln117_966', firmware/BDT.h:117) [170]  (1.215 ns)
	'select' operation 5 bit ('select_ln117_967', firmware/BDT.h:117) [172]  (0.000 ns)
	'select' operation 5 bit ('select_ln117_968', firmware/BDT.h:117) [174]  (1.215 ns)

 <State 7>: 3.408ns
The critical path consists of the following:
	'or' operation 1 bit ('or_ln117_883', firmware/BDT.h:117) [175]  (0.978 ns)
	'select' operation 5 bit ('select_ln117_970', firmware/BDT.h:117) [178]  (1.215 ns)
	'select' operation 5 bit ('select_ln117_971', firmware/BDT.h:117) [180]  (0.000 ns)
	'select' operation 5 bit ('select_ln117_972', firmware/BDT.h:117) [182]  (1.215 ns)

 <State 8>: 3.205ns
The critical path consists of the following:
	'xor' operation 1 bit ('xor_ln104_475', firmware/BDT.h:104) [98]  (0.000 ns)
	'and' operation 1 bit ('and_ln102_1230', firmware/BDT.h:102) [121]  (0.000 ns)
	'and' operation 1 bit ('and_ln102_1231', firmware/BDT.h:102) [122]  (0.000 ns)
	'or' operation 1 bit ('or_ln117_886', firmware/BDT.h:117) [181]  (0.000 ns)
	'select' operation 5 bit ('select_ln117_973', firmware/BDT.h:117) [183]  (0.000 ns)
	'sparsemux' operation 13 bit ('agg_result', firmware/BDT.h:118) [184]  (3.205 ns)


============================================================
+ Verbose Summary: Binding
============================================================
N/A
* FSMD analyzer results:
  - Output states:
 - Input state : 
  - Chain level:
	State 1
	State 2
	State 3
	State 4
	State 5
	State 6
	State 7
	State 8


============================================================
+ Verbose Summary: Datapath Resource usage 
============================================================
N/A
