

================================================================
== Vitis HLS Report for 'decision_function_121'
================================================================
* Date:           Thu Jan 23 13:42:08 2025

* Version:        2024.1 (Build 5069499 on May 21 2024)
* Project:        my_prj
* Solution:       solution1 (Vivado IP Flow Target)
* Product family: virtexuplus
* Target device:  xcu250-figd2104-2L-e


================================================================
== Performance Estimates
================================================================
+ Timing: 
    * Summary: 
    +--------+---------+----------+------------+
    |  Clock |  Target | Estimated| Uncertainty|
    +--------+---------+----------+------------+
    |ap_clk  |  5.00 ns|  3.367 ns|     1.35 ns|
    +--------+---------+----------+------------+

+ Latency: 
    * Summary: 
    +---------+---------+----------+----------+-----+-----+---------+
    |  Latency (cycles) |  Latency (absolute) |  Interval | Pipeline|
    |   min   |   max   |    min   |    max   | min | max |   Type  |
    +---------+---------+----------+----------+-----+-----+---------+
    |        1|        1|  5.000 ns|  5.000 ns|    1|    1|      yes|
    +---------+---------+----------+----------+-----+-----+---------+

    + Detail: 
        * Instance: 
        N/A

        * Loop: 
        N/A



================================================================
== Utilization Estimates
================================================================
* Summary: 
+---------------------+---------+-------+---------+---------+------+
|         Name        | BRAM_18K|  DSP  |    FF   |   LUT   | URAM |
+---------------------+---------+-------+---------+---------+------+
|DSP                  |        -|      -|        -|        -|     -|
|Expression           |        -|      -|        0|      754|     -|
|FIFO                 |        -|      -|        -|        -|     -|
|Instance             |        -|      -|        0|      113|     -|
|Memory               |        -|      -|        -|        -|     -|
|Multiplexer          |        -|      -|        -|        -|     -|
|Register             |        -|      -|       15|        -|     -|
+---------------------+---------+-------+---------+---------+------+
|Total                |        0|      0|       15|      867|     0|
+---------------------+---------+-------+---------+---------+------+
|Available SLR        |     1344|   3072|   864000|   432000|   320|
+---------------------+---------+-------+---------+---------+------+
|Utilization SLR (%)  |        0|      0|       ~0|       ~0|     0|
+---------------------+---------+-------+---------+---------+------+
|Available            |     5376|  12288|  3456000|  1728000|  1280|
+---------------------+---------+-------+---------+---------+------+
|Utilization (%)      |        0|      0|       ~0|       ~0|     0|
+---------------------+---------+-------+---------+---------+------+

+ Detail: 
    * Instance: 
    +-----------------------------+-----------------------+---------+----+---+-----+-----+
    |           Instance          |         Module        | BRAM_18K| DSP| FF| LUT | URAM|
    +-----------------------------+-----------------------+---------+----+---+-----+-----+
    |sparsemux_47_5_12_1_1_U2123  |sparsemux_47_5_12_1_1  |        0|   0|  0|  113|    0|
    +-----------------------------+-----------------------+---------+----+---+-----+-----+
    |Total                        |                       |        0|   0|  0|  113|    0|
    +-----------------------------+-----------------------+---------+----+---+-----+-----+

    * DSP: 
    N/A

    * Memory: 
    N/A

    * FIFO: 
    N/A

    * Expression: 
    +-----------------------------+----------+----+---+----+------------+------------+
    |        Variable Name        | Operation| DSP| FF| LUT| Bitwidth P0| Bitwidth P1|
    +-----------------------------+----------+----+---+----+------------+------------+
    |and_ln102_1620_fu_460_p2     |       and|   0|  0|   2|           1|           1|
    |and_ln102_1621_fu_478_p2     |       and|   0|  0|   2|           1|           1|
    |and_ln102_1622_fu_484_p2     |       and|   0|  0|   2|           1|           1|
    |and_ln102_1623_fu_502_p2     |       and|   0|  0|   2|           1|           1|
    |and_ln102_1624_fu_830_p2     |       and|   0|  0|   2|           1|           1|
    |and_ln102_1625_fu_520_p2     |       and|   0|  0|   2|           1|           1|
    |and_ln102_1626_fu_538_p2     |       and|   0|  0|   2|           1|           1|
    |and_ln102_1627_fu_550_p2     |       and|   0|  0|   2|           1|           1|
    |and_ln102_1628_fu_568_p2     |       and|   0|  0|   2|           1|           1|
    |and_ln102_1629_fu_844_p2     |       and|   0|  0|   2|           1|           1|
    |and_ln102_1630_fu_854_p2     |       and|   0|  0|   2|           1|           1|
    |and_ln102_1631_fu_586_p2     |       and|   0|  0|   2|           1|           1|
    |and_ln102_1632_fu_592_p2     |       and|   0|  0|   2|           1|           1|
    |and_ln102_1633_fu_598_p2     |       and|   0|  0|   2|           1|           1|
    |and_ln102_1634_fu_604_p2     |       and|   0|  0|   2|           1|           1|
    |and_ln102_1635_fu_610_p2     |       and|   0|  0|   2|           1|           1|
    |and_ln102_1636_fu_616_p2     |       and|   0|  0|   2|           1|           1|
    |and_ln102_1637_fu_864_p2     |       and|   0|  0|   2|           1|           1|
    |and_ln102_1638_fu_869_p2     |       and|   0|  0|   2|           1|           1|
    |and_ln102_1639_fu_874_p2     |       and|   0|  0|   2|           1|           1|
    |and_ln102_1640_fu_880_p2     |       and|   0|  0|   2|           1|           1|
    |and_ln102_1641_fu_885_p2     |       and|   0|  0|   2|           1|           1|
    |and_ln102_1642_fu_890_p2     |       and|   0|  0|   2|           1|           1|
    |and_ln102_fu_442_p2          |       and|   0|  0|   2|           1|           1|
    |and_ln104_275_fu_472_p2      |       and|   0|  0|   2|           1|           1|
    |and_ln104_276_fu_496_p2      |       and|   0|  0|   2|           1|           1|
    |and_ln104_277_fu_514_p2      |       and|   0|  0|   2|           1|           1|
    |and_ln104_278_fu_839_p2      |       and|   0|  0|   2|           1|           1|
    |and_ln104_279_fu_532_p2      |       and|   0|  0|   2|           1|           1|
    |and_ln104_280_fu_562_p2      |       and|   0|  0|   2|           1|           1|
    |and_ln104_281_fu_580_p2      |       and|   0|  0|   2|           1|           1|
    |and_ln104_fu_454_p2          |       and|   0|  0|   2|           1|           1|
    |icmp_ln86_1474_fu_298_p2     |      icmp|   0|  0|  25|          18|          17|
    |icmp_ln86_1475_fu_304_p2     |      icmp|   0|  0|  25|          18|           7|
    |icmp_ln86_1476_fu_310_p2     |      icmp|   0|  0|  25|          18|          15|
    |icmp_ln86_1477_fu_324_p2     |      icmp|   0|  0|  25|          18|          18|
    |icmp_ln86_1478_fu_330_p2     |      icmp|   0|  0|  25|          18|          14|
    |icmp_ln86_1479_fu_336_p2     |      icmp|   0|  0|  25|          18|          18|
    |icmp_ln86_1480_fu_342_p2     |      icmp|   0|  0|  25|          18|          16|
    |icmp_ln86_1481_fu_348_p2     |      icmp|   0|  0|  25|          18|          11|
    |icmp_ln86_1482_fu_354_p2     |      icmp|   0|  0|  25|          18|           7|
    |icmp_ln86_1483_fu_360_p2     |      icmp|   0|  0|  25|          18|          16|
    |icmp_ln86_1484_fu_366_p2     |      icmp|   0|  0|  25|          18|           9|
    |icmp_ln86_1485_fu_382_p2     |      icmp|   0|  0|  21|          14|           1|
    |icmp_ln86_1486_fu_388_p2     |      icmp|   0|  0|  25|          18|           6|
    |icmp_ln86_1487_fu_394_p2     |      icmp|   0|  0|  25|          18|          14|
    |icmp_ln86_1488_fu_400_p2     |      icmp|   0|  0|  25|          18|           9|
    |icmp_ln86_1489_fu_406_p2     |      icmp|   0|  0|  25|          18|           9|
    |icmp_ln86_1490_fu_412_p2     |      icmp|   0|  0|  25|          18|          12|
    |icmp_ln86_1491_fu_418_p2     |      icmp|   0|  0|  25|          18|           5|
    |icmp_ln86_1492_fu_424_p2     |      icmp|   0|  0|  25|          18|           9|
    |icmp_ln86_1493_fu_430_p2     |      icmp|   0|  0|  25|          18|           6|
    |icmp_ln86_fu_292_p2          |      icmp|   0|  0|  25|          18|          12|
    |or_ln117_1323_fu_646_p2      |        or|   0|  0|   2|           1|           1|
    |or_ln117_1324_fu_664_p2      |        or|   0|  0|   2|           1|           1|
    |or_ln117_1325_fu_678_p2      |        or|   0|  0|   2|           1|           1|
    |or_ln117_1326_fu_692_p2      |        or|   0|  0|   2|           1|           1|
    |or_ln117_1327_fu_706_p2      |        or|   0|  0|   2|           1|           1|
    |or_ln117_1328_fu_724_p2      |        or|   0|  0|   2|           1|           1|
    |or_ln117_1329_fu_738_p2      |        or|   0|  0|   2|           1|           1|
    |or_ln117_1330_fu_752_p2      |        or|   0|  0|   2|           1|           1|
    |or_ln117_1331_fu_766_p2      |        or|   0|  0|   2|           1|           1|
    |or_ln117_1332_fu_780_p2      |        or|   0|  0|   2|           1|           1|
    |or_ln117_1333_fu_794_p2      |        or|   0|  0|   2|           1|           1|
    |or_ln117_1334_fu_808_p2      |        or|   0|  0|   2|           1|           1|
    |or_ln117_1335_fu_896_p2      |        or|   0|  0|   2|           1|           1|
    |or_ln117_1336_fu_904_p2      |        or|   0|  0|   2|           1|           1|
    |or_ln117_1337_fu_917_p2      |        or|   0|  0|   2|           1|           1|
    |or_ln117_1338_fu_931_p2      |        or|   0|  0|   2|           1|           1|
    |or_ln117_1339_fu_944_p2      |        or|   0|  0|   2|           1|           1|
    |or_ln117_1340_fu_958_p2      |        or|   0|  0|   2|           1|           1|
    |or_ln117_1341_fu_972_p2      |        or|   0|  0|   2|           1|           1|
    |or_ln117_1342_fu_986_p2      |        or|   0|  0|   2|           1|           1|
    |or_ln117_fu_632_p2           |        or|   0|  0|   2|           1|           1|
    |ap_return                    |    select|   0|  0|  12|           1|          12|
    |select_ln117_1426_fu_652_p3  |    select|   0|  0|   2|           1|           2|
    |select_ln117_1427_fu_670_p3  |    select|   0|  0|   4|           1|           3|
    |select_ln117_1428_fu_684_p3  |    select|   0|  0|   3|           1|           3|
    |select_ln117_1429_fu_698_p3  |    select|   0|  0|   3|           1|           3|
    |select_ln117_1430_fu_712_p3  |    select|   0|  0|   3|           1|           3|
    |select_ln117_1431_fu_730_p3  |    select|   0|  0|   5|           1|           4|
    |select_ln117_1432_fu_744_p3  |    select|   0|  0|   4|           1|           4|
    |select_ln117_1433_fu_758_p3  |    select|   0|  0|   4|           1|           4|
    |select_ln117_1434_fu_772_p3  |    select|   0|  0|   4|           1|           4|
    |select_ln117_1435_fu_786_p3  |    select|   0|  0|   4|           1|           4|
    |select_ln117_1436_fu_800_p3  |    select|   0|  0|   4|           1|           4|
    |select_ln117_1437_fu_814_p3  |    select|   0|  0|   4|           1|           4|
    |select_ln117_1438_fu_822_p3  |    select|   0|  0|   4|           1|           4|
    |select_ln117_1439_fu_909_p3  |    select|   0|  0|   6|           1|           5|
    |select_ln117_1440_fu_923_p3  |    select|   0|  0|   5|           1|           5|
    |select_ln117_1441_fu_936_p3  |    select|   0|  0|   5|           1|           5|
    |select_ln117_1442_fu_950_p3  |    select|   0|  0|   5|           1|           5|
    |select_ln117_1443_fu_964_p3  |    select|   0|  0|   5|           1|           5|
    |select_ln117_1444_fu_978_p3  |    select|   0|  0|   5|           1|           5|
    |select_ln117_fu_638_p3       |    select|   0|  0|   3|           1|           2|
    |tmp_fu_998_p48               |    select|   0|  0|   5|           1|           5|
    |ap_enable_pp0                |       xor|   0|  0|   2|           1|           2|
    |xor_ln104_703_fu_448_p2      |       xor|   0|  0|   2|           1|           2|
    |xor_ln104_704_fu_466_p2      |       xor|   0|  0|   2|           1|           2|
    |xor_ln104_705_fu_490_p2      |       xor|   0|  0|   2|           1|           2|
    |xor_ln104_706_fu_508_p2      |       xor|   0|  0|   2|           1|           2|
    |xor_ln104_707_fu_834_p2      |       xor|   0|  0|   2|           1|           2|
    |xor_ln104_708_fu_526_p2      |       xor|   0|  0|   2|           1|           2|
    |xor_ln104_709_fu_544_p2      |       xor|   0|  0|   2|           1|           2|
    |xor_ln104_710_fu_556_p2      |       xor|   0|  0|   2|           1|           2|
    |xor_ln104_711_fu_574_p2      |       xor|   0|  0|   2|           1|           2|
    |xor_ln104_712_fu_849_p2      |       xor|   0|  0|   2|           1|           2|
    |xor_ln104_713_fu_859_p2      |       xor|   0|  0|   2|           1|           2|
    |xor_ln104_fu_436_p2          |       xor|   0|  0|   2|           1|           2|
    |xor_ln117_fu_622_p2          |       xor|   0|  0|   2|           2|           1|
    +-----------------------------+----------+----+---+----+------------+------------+
    |Total                        |          |   0|  0| 754|         464|         406|
    +-----------------------------+----------+----+---+----+------------+------------+

    * Multiplexer: 
    N/A

    * Register: 
    +----------------------------+---+----+-----+-----------+
    |            Name            | FF| LUT| Bits| Const Bits|
    +----------------------------+---+----+-----+-----------+
    |and_ln104_275_reg_1144      |  1|   0|    1|          0|
    |ap_CS_fsm                   |  1|   0|    1|          0|
    |ap_enable_reg_pp0_iter1     |  1|   0|    1|          0|
    |icmp_ln86_1478_reg_1106     |  1|   0|    1|          0|
    |icmp_ln86_1483_reg_1112     |  1|   0|    1|          0|
    |icmp_ln86_1484_reg_1118     |  1|   0|    1|          0|
    |icmp_ln86_1490_reg_1124     |  1|   0|    1|          0|
    |icmp_ln86_1491_reg_1129     |  1|   0|    1|          0|
    |icmp_ln86_1492_reg_1134     |  1|   0|    1|          0|
    |icmp_ln86_1493_reg_1139     |  1|   0|    1|          0|
    |or_ln117_1334_reg_1151      |  1|   0|    1|          0|
    |select_ln117_1438_reg_1159  |  4|   0|    4|          0|
    +----------------------------+---+----+-----+-----------+
    |Total                       | 15|   0|   15|          0|
    +----------------------------+---+----+-----+-----------+



================================================================
== Interface
================================================================
* Summary: 
+-----------+-----+-----+------------+-----------------------+--------------+
| RTL Ports | Dir | Bits|  Protocol  |     Source Object     |    C Type    |
+-----------+-----+-----+------------+-----------------------+--------------+
|ap_clk     |   in|    1|  ap_ctrl_hs|  decision_function.121|  return value|
|ap_rst     |   in|    1|  ap_ctrl_hs|  decision_function.121|  return value|
|ap_start   |   in|    1|  ap_ctrl_hs|  decision_function.121|  return value|
|ap_done    |  out|    1|  ap_ctrl_hs|  decision_function.121|  return value|
|ap_idle    |  out|    1|  ap_ctrl_hs|  decision_function.121|  return value|
|ap_ready   |  out|    1|  ap_ctrl_hs|  decision_function.121|  return value|
|ap_return  |  out|   12|  ap_ctrl_hs|  decision_function.121|  return value|
|x_1_val    |   in|   18|     ap_none|                x_1_val|        scalar|
|x_2_val    |   in|   18|     ap_none|                x_2_val|        scalar|
|x_3_val    |   in|   18|     ap_none|                x_3_val|        scalar|
|x_5_val    |   in|   18|     ap_none|                x_5_val|        scalar|
|x_9_val    |   in|   18|     ap_none|                x_9_val|        scalar|
|x_11_val   |   in|   18|     ap_none|               x_11_val|        scalar|
|x_13_val   |   in|   18|     ap_none|               x_13_val|        scalar|
|x_14_val   |   in|   18|     ap_none|               x_14_val|        scalar|
|x_17_val   |   in|   18|     ap_none|               x_17_val|        scalar|
|x_23_val   |   in|   18|     ap_none|               x_23_val|        scalar|
|x_24_val   |   in|   18|     ap_none|               x_24_val|        scalar|
|x_28_val   |   in|   18|     ap_none|               x_28_val|        scalar|
|x_51_val   |   in|   18|     ap_none|               x_51_val|        scalar|
+-----------+-----+-----+------------+-----------------------+--------------+

