

================================================================
== Vitis HLS Report for 'decision_function_65'
================================================================
* Date:           Thu Jan 23 13:41:11 2025

* Version:        2024.1 (Build 5069499 on May 21 2024)
* Project:        my_prj
* Solution:       solution1 (Vivado IP Flow Target)
* Product family: virtexuplus
* Target device:  xcu250-figd2104-2L-e


================================================================
== Performance Estimates
================================================================
+ Timing: 
    * Summary: 
    +--------+---------+----------+------------+
    |  Clock |  Target | Estimated| Uncertainty|
    +--------+---------+----------+------------+
    |ap_clk  |  5.00 ns|  3.596 ns|     1.35 ns|
    +--------+---------+----------+------------+

+ Latency: 
    * Summary: 
    +---------+---------+----------+----------+-----+-----+---------+
    |  Latency (cycles) |  Latency (absolute) |  Interval | Pipeline|
    |   min   |   max   |    min   |    max   | min | max |   Type  |
    +---------+---------+----------+----------+-----+-----+---------+
    |        1|        1|  5.000 ns|  5.000 ns|    1|    1|      yes|
    +---------+---------+----------+----------+-----+-----+---------+

    + Detail: 
        * Instance: 
        N/A

        * Loop: 
        N/A



================================================================
== Utilization Estimates
================================================================
* Summary: 
+---------------------+---------+-------+---------+---------+------+
|         Name        | BRAM_18K|  DSP  |    FF   |   LUT   | URAM |
+---------------------+---------+-------+---------+---------+------+
|DSP                  |        -|      -|        -|        -|     -|
|Expression           |        -|      -|        0|     1080|     -|
|FIFO                 |        -|      -|        -|        -|     -|
|Instance             |        -|      -|        0|      148|     -|
|Memory               |        -|      -|        -|        -|     -|
|Multiplexer          |        -|      -|        -|        -|     -|
|Register             |        -|      -|       23|        -|     -|
+---------------------+---------+-------+---------+---------+------+
|Total                |        0|      0|       23|     1228|     0|
+---------------------+---------+-------+---------+---------+------+
|Available SLR        |     1344|   3072|   864000|   432000|   320|
+---------------------+---------+-------+---------+---------+------+
|Utilization SLR (%)  |        0|      0|       ~0|       ~0|     0|
+---------------------+---------+-------+---------+---------+------+
|Available            |     5376|  12288|  3456000|  1728000|  1280|
+---------------------+---------+-------+---------+---------+------+
|Utilization (%)      |        0|      0|       ~0|       ~0|     0|
+---------------------+---------+-------+---------+---------+------+

+ Detail: 
    * Instance: 
    +------------------------------+--------------------------+---------+----+---+-----+-----+
    |           Instance           |          Module          | BRAM_18K| DSP| FF| LUT | URAM|
    +------------------------------+--------------------------+---------+----+---+-----+-----+
    |sparsemux_65_5_13_1_1_x1_U69  |sparsemux_65_5_13_1_1_x1  |        0|   0|  0|  148|    0|
    +------------------------------+--------------------------+---------+----+---+-----+-----+
    |Total                         |                          |        0|   0|  0|  148|    0|
    +------------------------------+--------------------------+---------+----+---+-----+-----+

    * DSP: 
    N/A

    * Memory: 
    N/A

    * FIFO: 
    N/A

    * Expression: 
    +-----------------------------+----------+----+---+----+------------+------------+
    |        Variable Name        | Operation| DSP| FF| LUT| Bitwidth P0| Bitwidth P1|
    +-----------------------------+----------+----+---+----+------------+------------+
    |and_ln102_1195_fu_937_p2     |       and|   0|  0|   2|           1|           1|
    |and_ln102_1196_fu_568_p2     |       and|   0|  0|   2|           1|           1|
    |and_ln102_1197_fu_586_p2     |       and|   0|  0|   2|           1|           1|
    |and_ln102_1198_fu_953_p2     |       and|   0|  0|   2|           1|           1|
    |and_ln102_1199_fu_969_p2     |       and|   0|  0|   2|           1|           1|
    |and_ln102_1200_fu_604_p2     |       and|   0|  0|   2|           1|           1|
    |and_ln102_1201_fu_616_p2     |       and|   0|  0|   2|           1|           1|
    |and_ln102_1202_fu_628_p2     |       and|   0|  0|   2|           1|           1|
    |and_ln102_1203_fu_640_p2     |       and|   0|  0|   2|           1|           1|
    |and_ln102_1204_fu_985_p2     |       and|   0|  0|   2|           1|           1|
    |and_ln102_1205_fu_995_p2     |       and|   0|  0|   2|           1|           1|
    |and_ln102_1206_fu_1005_p2    |       and|   0|  0|   2|           1|           1|
    |and_ln102_1207_fu_1015_p2    |       and|   0|  0|   2|           1|           1|
    |and_ln102_1208_fu_652_p2     |       and|   0|  0|   2|           1|           1|
    |and_ln102_1209_fu_658_p2     |       and|   0|  0|   2|           1|           1|
    |and_ln102_1210_fu_664_p2     |       and|   0|  0|   2|           1|           1|
    |and_ln102_1211_fu_670_p2     |       and|   0|  0|   2|           1|           1|
    |and_ln102_1212_fu_676_p2     |       and|   0|  0|   2|           1|           1|
    |and_ln102_1213_fu_682_p2     |       and|   0|  0|   2|           1|           1|
    |and_ln102_1214_fu_688_p2     |       and|   0|  0|   2|           1|           1|
    |and_ln102_1215_fu_694_p2     |       and|   0|  0|   2|           1|           1|
    |and_ln102_1216_fu_700_p2     |       and|   0|  0|   2|           1|           1|
    |and_ln102_1217_fu_706_p2     |       and|   0|  0|   2|           1|           1|
    |and_ln102_1218_fu_712_p2     |       and|   0|  0|   2|           1|           1|
    |and_ln102_1219_fu_718_p2     |       and|   0|  0|   2|           1|           1|
    |and_ln102_1220_fu_1025_p2    |       and|   0|  0|   2|           1|           1|
    |and_ln102_1221_fu_1030_p2    |       and|   0|  0|   2|           1|           1|
    |and_ln102_1222_fu_1035_p2    |       and|   0|  0|   2|           1|           1|
    |and_ln102_1223_fu_1041_p2    |       and|   0|  0|   2|           1|           1|
    |and_ln102_1224_fu_1046_p2    |       and|   0|  0|   2|           1|           1|
    |and_ln102_1225_fu_1051_p2    |       and|   0|  0|   2|           1|           1|
    |and_ln102_1226_fu_1057_p2    |       and|   0|  0|   2|           1|           1|
    |and_ln102_1227_fu_1062_p2    |       and|   0|  0|   2|           1|           1|
    |and_ln102_1228_fu_1067_p2    |       and|   0|  0|   2|           1|           1|
    |and_ln102_1229_fu_1073_p2    |       and|   0|  0|   2|           1|           1|
    |and_ln102_1230_fu_1078_p2    |       and|   0|  0|   2|           1|           1|
    |and_ln102_1231_fu_1083_p2    |       and|   0|  0|   2|           1|           1|
    |and_ln102_fu_550_p2          |       and|   0|  0|   2|           1|           1|
    |and_ln104_176_fu_947_p2      |       and|   0|  0|   2|           1|           1|
    |and_ln104_177_fu_580_p2      |       and|   0|  0|   2|           1|           1|
    |and_ln104_178_fu_598_p2      |       and|   0|  0|   2|           1|           1|
    |and_ln104_179_fu_963_p2      |       and|   0|  0|   2|           1|           1|
    |and_ln104_180_fu_979_p2      |       and|   0|  0|   2|           1|           1|
    |and_ln104_fu_562_p2          |       and|   0|  0|   2|           1|           1|
    |icmp_ln86_1000_fu_520_p2     |      icmp|   0|  0|  25|          18|          17|
    |icmp_ln86_1001_fu_526_p2     |      icmp|   0|  0|  25|          18|          17|
    |icmp_ln86_1002_fu_532_p2     |      icmp|   0|  0|  25|          18|          17|
    |icmp_ln86_1003_fu_538_p2     |      icmp|   0|  0|  25|          18|          10|
    |icmp_ln86_1004_fu_544_p2     |      icmp|   0|  0|  25|          18|          17|
    |icmp_ln86_975_fu_360_p2      |      icmp|   0|  0|  25|          18|          17|
    |icmp_ln86_976_fu_366_p2      |      icmp|   0|  0|  25|          18|           9|
    |icmp_ln86_977_fu_372_p2      |      icmp|   0|  0|  25|          18|          16|
    |icmp_ln86_978_fu_378_p2      |      icmp|   0|  0|  25|          18|           4|
    |icmp_ln86_979_fu_384_p2      |      icmp|   0|  0|  25|          18|           5|
    |icmp_ln86_980_fu_390_p2      |      icmp|   0|  0|  25|          18|          16|
    |icmp_ln86_981_fu_396_p2      |      icmp|   0|  0|  25|          18|          15|
    |icmp_ln86_982_fu_402_p2      |      icmp|   0|  0|  25|          18|           3|
    |icmp_ln86_983_fu_408_p2      |      icmp|   0|  0|  25|          18|          16|
    |icmp_ln86_984_fu_414_p2      |      icmp|   0|  0|  25|          18|          16|
    |icmp_ln86_985_fu_420_p2      |      icmp|   0|  0|  25|          18|          17|
    |icmp_ln86_986_fu_426_p2      |      icmp|   0|  0|  25|          18|          17|
    |icmp_ln86_987_fu_432_p2      |      icmp|   0|  0|  25|          18|          17|
    |icmp_ln86_988_fu_438_p2      |      icmp|   0|  0|  25|          18|          17|
    |icmp_ln86_989_fu_444_p2      |      icmp|   0|  0|  25|          18|           5|
    |icmp_ln86_990_fu_450_p2      |      icmp|   0|  0|  25|          18|           6|
    |icmp_ln86_991_fu_456_p2      |      icmp|   0|  0|  25|          18|          18|
    |icmp_ln86_992_fu_462_p2      |      icmp|   0|  0|  25|          18|           9|
    |icmp_ln86_993_fu_468_p2      |      icmp|   0|  0|  25|          18|          17|
    |icmp_ln86_994_fu_484_p2      |      icmp|   0|  0|  24|          17|           1|
    |icmp_ln86_995_fu_490_p2      |      icmp|   0|  0|  25|          18|           6|
    |icmp_ln86_996_fu_496_p2      |      icmp|   0|  0|  25|          18|          11|
    |icmp_ln86_997_fu_502_p2      |      icmp|   0|  0|  25|          18|          17|
    |icmp_ln86_998_fu_508_p2      |      icmp|   0|  0|  25|          18|          16|
    |icmp_ln86_999_fu_514_p2      |      icmp|   0|  0|  25|          18|           5|
    |icmp_ln86_fu_354_p2          |      icmp|   0|  0|  25|          18|           6|
    |or_ln117_862_fu_760_p2       |        or|   0|  0|   2|           1|           1|
    |or_ln117_863_fu_774_p2       |        or|   0|  0|   2|           1|           1|
    |or_ln117_864_fu_788_p2       |        or|   0|  0|   2|           1|           1|
    |or_ln117_865_fu_814_p2       |        or|   0|  0|   2|           1|           1|
    |or_ln117_866_fu_828_p2       |        or|   0|  0|   2|           1|           1|
    |or_ln117_867_fu_842_p2       |        or|   0|  0|   2|           1|           1|
    |or_ln117_868_fu_856_p2       |        or|   0|  0|   2|           1|           1|
    |or_ln117_869_fu_870_p2       |        or|   0|  0|   2|           1|           1|
    |or_ln117_870_fu_884_p2       |        or|   0|  0|   2|           1|           1|
    |or_ln117_871_fu_898_p2       |        or|   0|  0|   2|           1|           1|
    |or_ln117_872_fu_1089_p2      |        or|   0|  0|   2|           1|           1|
    |or_ln117_873_fu_1094_p2      |        or|   0|  0|   2|           1|           1|
    |or_ln117_874_fu_1106_p2      |        or|   0|  0|   2|           1|           1|
    |or_ln117_875_fu_1120_p2      |        or|   0|  0|   2|           1|           1|
    |or_ln117_876_fu_1133_p2      |        or|   0|  0|   2|           1|           1|
    |or_ln117_877_fu_1147_p2      |        or|   0|  0|   2|           1|           1|
    |or_ln117_878_fu_1161_p2      |        or|   0|  0|   2|           1|           1|
    |or_ln117_879_fu_1175_p2      |        or|   0|  0|   2|           1|           1|
    |or_ln117_880_fu_1188_p2      |        or|   0|  0|   2|           1|           1|
    |or_ln117_881_fu_1202_p2      |        or|   0|  0|   2|           1|           1|
    |or_ln117_882_fu_1216_p2      |        or|   0|  0|   2|           1|           1|
    |or_ln117_883_fu_1230_p2      |        or|   0|  0|   2|           1|           1|
    |or_ln117_884_fu_1244_p2      |        or|   0|  0|   2|           1|           1|
    |or_ln117_885_fu_1258_p2      |        or|   0|  0|   2|           1|           1|
    |or_ln117_886_fu_1272_p2      |        or|   0|  0|   2|           1|           1|
    |or_ln117_fu_734_p2           |        or|   0|  0|   2|           1|           1|
    |agg_result_fu_1294_p66       |    select|   0|  0|   5|           1|           5|
    |select_ln117_945_fu_748_p3   |    select|   0|  0|   2|           1|           2|
    |select_ln117_946_fu_766_p3   |    select|   0|  0|   4|           1|           3|
    |select_ln117_947_fu_780_p3   |    select|   0|  0|   3|           1|           3|
    |select_ln117_948_fu_794_p3   |    select|   0|  0|   3|           1|           3|
    |select_ln117_949_fu_802_p3   |    select|   0|  0|   3|           1|           3|
    |select_ln117_950_fu_820_p3   |    select|   0|  0|   5|           1|           4|
    |select_ln117_951_fu_834_p3   |    select|   0|  0|   4|           1|           4|
    |select_ln117_952_fu_848_p3   |    select|   0|  0|   4|           1|           4|
    |select_ln117_953_fu_862_p3   |    select|   0|  0|   4|           1|           4|
    |select_ln117_954_fu_876_p3   |    select|   0|  0|   4|           1|           4|
    |select_ln117_955_fu_890_p3   |    select|   0|  0|   4|           1|           4|
    |select_ln117_956_fu_904_p3   |    select|   0|  0|   4|           1|           4|
    |select_ln117_957_fu_912_p3   |    select|   0|  0|   4|           1|           4|
    |select_ln117_958_fu_924_p3   |    select|   0|  0|   6|           1|           5|
    |select_ln117_959_fu_1099_p3  |    select|   0|  0|   5|           1|           5|
    |select_ln117_960_fu_1112_p3  |    select|   0|  0|   5|           1|           5|
    |select_ln117_961_fu_1125_p3  |    select|   0|  0|   5|           1|           5|
    |select_ln117_962_fu_1139_p3  |    select|   0|  0|   5|           1|           5|
    |select_ln117_963_fu_1153_p3  |    select|   0|  0|   5|           1|           5|
    |select_ln117_964_fu_1167_p3  |    select|   0|  0|   5|           1|           5|
    |select_ln117_965_fu_1180_p3  |    select|   0|  0|   5|           1|           5|
    |select_ln117_966_fu_1194_p3  |    select|   0|  0|   5|           1|           5|
    |select_ln117_967_fu_1208_p3  |    select|   0|  0|   5|           1|           5|
    |select_ln117_968_fu_1222_p3  |    select|   0|  0|   5|           1|           5|
    |select_ln117_969_fu_1236_p3  |    select|   0|  0|   5|           1|           5|
    |select_ln117_970_fu_1250_p3  |    select|   0|  0|   5|           1|           5|
    |select_ln117_971_fu_1264_p3  |    select|   0|  0|   5|           1|           5|
    |select_ln117_972_fu_1278_p3  |    select|   0|  0|   5|           1|           5|
    |select_ln117_fu_740_p3       |    select|   0|  0|   3|           1|           2|
    |ap_enable_pp0                |       xor|   0|  0|   2|           1|           2|
    |xor_ln104_462_fu_556_p2      |       xor|   0|  0|   2|           1|           2|
    |xor_ln104_463_fu_942_p2      |       xor|   0|  0|   2|           1|           2|
    |xor_ln104_464_fu_574_p2      |       xor|   0|  0|   2|           1|           2|
    |xor_ln104_465_fu_592_p2      |       xor|   0|  0|   2|           1|           2|
    |xor_ln104_466_fu_958_p2      |       xor|   0|  0|   2|           1|           2|
    |xor_ln104_467_fu_974_p2      |       xor|   0|  0|   2|           1|           2|
    |xor_ln104_468_fu_610_p2      |       xor|   0|  0|   2|           1|           2|
    |xor_ln104_469_fu_622_p2      |       xor|   0|  0|   2|           1|           2|
    |xor_ln104_470_fu_634_p2      |       xor|   0|  0|   2|           1|           2|
    |xor_ln104_471_fu_646_p2      |       xor|   0|  0|   2|           1|           2|
    |xor_ln104_472_fu_990_p2      |       xor|   0|  0|   2|           1|           2|
    |xor_ln104_473_fu_1000_p2     |       xor|   0|  0|   2|           1|           2|
    |xor_ln104_474_fu_1010_p2     |       xor|   0|  0|   2|           1|           2|
    |xor_ln104_475_fu_1020_p2     |       xor|   0|  0|   2|           1|           2|
    |xor_ln104_fu_932_p2          |       xor|   0|  0|   2|           1|           2|
    |xor_ln117_fu_724_p2          |       xor|   0|  0|   2|           2|           1|
    +-----------------------------+----------+----+---+----+------------+------------+
    |Total                        |          |   0|  0|1080|         675|         611|
    +-----------------------------+----------+----+---+----+------------+------------+

    * Multiplexer: 
    N/A

    * Register: 
    +---------------------------+---+----+-----+-----------+
    |            Name           | FF| LUT| Bits| Const Bits|
    +---------------------------+---+----+-----+-----------+
    |ap_CS_fsm                  |  1|   0|    1|          0|
    |ap_enable_reg_pp0_iter1    |  1|   0|    1|          0|
    |icmp_ln86_1000_reg_1496    |  1|   0|    1|          0|
    |icmp_ln86_1001_reg_1501    |  1|   0|    1|          0|
    |icmp_ln86_1002_reg_1506    |  1|   0|    1|          0|
    |icmp_ln86_1003_reg_1511    |  1|   0|    1|          0|
    |icmp_ln86_1004_reg_1516    |  1|   0|    1|          0|
    |icmp_ln86_976_reg_1439     |  1|   0|    1|          0|
    |icmp_ln86_979_reg_1445     |  1|   0|    1|          0|
    |icmp_ln86_980_reg_1451     |  1|   0|    1|          0|
    |icmp_ln86_985_reg_1457     |  1|   0|    1|          0|
    |icmp_ln86_986_reg_1463     |  1|   0|    1|          0|
    |icmp_ln86_987_reg_1469     |  1|   0|    1|          0|
    |icmp_ln86_988_reg_1475     |  1|   0|    1|          0|
    |icmp_ln86_997_reg_1481     |  1|   0|    1|          0|
    |icmp_ln86_998_reg_1486     |  1|   0|    1|          0|
    |icmp_ln86_999_reg_1491     |  1|   0|    1|          0|
    |icmp_ln86_reg_1430         |  1|   0|    1|          0|
    |select_ln117_958_reg_1521  |  5|   0|    5|          0|
    +---------------------------+---+----+-----+-----------+
    |Total                      | 23|   0|   23|          0|
    +---------------------------+---+----+-----+-----------+



================================================================
== Interface
================================================================
* Summary: 
+-----------+-----+-----+------------+----------------------+--------------+
| RTL Ports | Dir | Bits|  Protocol  |     Source Object    |    C Type    |
+-----------+-----+-----+------------+----------------------+--------------+
|ap_clk     |   in|    1|  ap_ctrl_hs|  decision_function.65|  return value|
|ap_rst     |   in|    1|  ap_ctrl_hs|  decision_function.65|  return value|
|ap_start   |   in|    1|  ap_ctrl_hs|  decision_function.65|  return value|
|ap_done    |  out|    1|  ap_ctrl_hs|  decision_function.65|  return value|
|ap_idle    |  out|    1|  ap_ctrl_hs|  decision_function.65|  return value|
|ap_ready   |  out|    1|  ap_ctrl_hs|  decision_function.65|  return value|
|ap_return  |  out|   13|  ap_ctrl_hs|  decision_function.65|  return value|
|x_1_val    |   in|   18|     ap_none|               x_1_val|        scalar|
|x_3_val    |   in|   18|     ap_none|               x_3_val|        scalar|
|x_4_val    |   in|   18|     ap_none|               x_4_val|        scalar|
|x_10_val   |   in|   18|     ap_none|              x_10_val|        scalar|
|x_11_val   |   in|   18|     ap_none|              x_11_val|        scalar|
|x_14_val   |   in|   18|     ap_none|              x_14_val|        scalar|
|x_15_val   |   in|   18|     ap_none|              x_15_val|        scalar|
|x_17_val   |   in|   18|     ap_none|              x_17_val|        scalar|
|x_36_val   |   in|   18|     ap_none|              x_36_val|        scalar|
|x_39_val   |   in|   18|     ap_none|              x_39_val|        scalar|
|x_44_val   |   in|   18|     ap_none|              x_44_val|        scalar|
|x_45_val   |   in|   18|     ap_none|              x_45_val|        scalar|
|x_47_val   |   in|   18|     ap_none|              x_47_val|        scalar|
|x_49_val   |   in|   18|     ap_none|              x_49_val|        scalar|
|x_52_val   |   in|   18|     ap_none|              x_52_val|        scalar|
+-----------+-----+-----+------------+----------------------+--------------+

